06-06 12:24:51.335 17900 17928 I TestRunner: started: grid_list_content_at_first_position(com.example.dogglers.GridListTests)
06-06 12:24:51.339 17900 17928 W Settings: Setting always_finish_activities has moved from android.provider.Settings.System to android.provider.Settings.Global, returning read-only value.
06-06 12:24:51.348   843   902 D SplashScreenView: Build android.window.SplashScreenView{ce9eb0d V.E...... ......ID 0,0-0,0}
06-06 12:24:51.348   843   902 D SplashScreenView: Icon: view: null drawable: null size: 0
06-06 12:24:51.348   843   902 D SplashScreenView: Branding: view: android.view.View{e453ac2 G.ED..... ......I. 0,0-0,0 #10204a6 android:id/splashscreen_branding_view} drawable: null size w: 0 h: 0
06-06 12:24:51.371 17900 17900 D LifecycleMonitor: Lifecycle status change: androidx.test.core.app.InstrumentationActivityInvoker$BootstrapActivity@48e3b07 in: PRE_ON_CREATE
06-06 12:24:51.371 17900 17900 V ActivityScenario: Activity lifecycle changed event received but ignored because the intent does not match. startActivityIntent=Intent { act=android.intent.action.MAIN cat=[android.intent.category.LAUNCHER] cmp=com.example.dogglers/.GridListActivity }, activity.getIntent()=Intent { act=android.intent.action.MAIN cat=[android.intent.category.LAUNCHER] flg=0x10008000 cmp=com.example.dogglers/androidx.test.core.app.InstrumentationActivityInvoker$BootstrapActivity (has extras) }, activity=androidx.test.core.app.InstrumentationActivityInvoker$BootstrapActivity@48e3b07
06-06 12:24:51.373   340  6904 D goldfish-address-space: claimShared: Ask to claim region [0x3ef197000 0x3efb3b000]
06-06 12:24:51.382 17900 17900 D LifecycleMonitor: Lifecycle status change: androidx.test.core.app.InstrumentationActivityInvoker$BootstrapActivity@48e3b07 in: CREATED
06-06 12:24:51.382 17900 17900 V ActivityScenario: Activity lifecycle changed event received but ignored because the intent does not match. startActivityIntent=Intent { act=android.intent.action.MAIN cat=[android.intent.category.LAUNCHER] cmp=com.example.dogglers/.GridListActivity }, activity.getIntent()=Intent { act=android.intent.action.MAIN cat=[android.intent.category.LAUNCHER] flg=0x10008000 cmp=com.example.dogglers/androidx.test.core.app.InstrumentationActivityInvoker$BootstrapActivity (has extras) }, activity=androidx.test.core.app.InstrumentationActivityInvoker$BootstrapActivity@48e3b07
06-06 12:24:51.385 17900 17900 D LifecycleMonitor: Lifecycle status change: androidx.test.core.app.InstrumentationActivityInvoker$BootstrapActivity@48e3b07 in: STARTED
06-06 12:24:51.387 17900 17900 V ActivityScenario: Activity lifecycle changed event received but ignored because the intent does not match. startActivityIntent=Intent { act=android.intent.action.MAIN cat=[android.intent.category.LAUNCHER] cmp=com.example.dogglers/.GridListActivity }, activity.getIntent()=Intent { act=android.intent.action.MAIN cat=[android.intent.category.LAUNCHER] flg=0x10008000 cmp=com.example.dogglers/androidx.test.core.app.InstrumentationActivityInvoker$BootstrapActivity (has extras) }, activity=androidx.test.core.app.InstrumentationActivityInvoker$BootstrapActivity@48e3b07
06-06 12:24:51.390   340  6904 D goldfish-address-space: claimShared: Ask to claim region [0x3ecfd0000 0x3ed974000]
06-06 12:24:51.402   340  6904 D goldfish-address-space: claimShared: Ask to claim region [0x3f0000000 0x3f09a4000]
06-06 12:24:51.420 17900 17900 D LifecycleMonitor: Lifecycle status change: androidx.test.core.app.InstrumentationActivityInvoker$BootstrapActivity@48e3b07 in: RESUMED
06-06 12:24:51.420 17900 17900 V ActivityScenario: Activity lifecycle changed event received but ignored because the intent does not match. startActivityIntent=Intent { act=android.intent.action.MAIN cat=[android.intent.category.LAUNCHER] cmp=com.example.dogglers/.GridListActivity }, activity.getIntent()=Intent { act=android.intent.action.MAIN cat=[android.intent.category.LAUNCHER] flg=0x10008000 cmp=com.example.dogglers/androidx.test.core.app.InstrumentationActivityInvoker$BootstrapActivity (has extras) }, activity=androidx.test.core.app.InstrumentationActivityInvoker$BootstrapActivity@48e3b07
06-06 12:24:51.430 17900 17900 D LifecycleMonitor: Lifecycle status change: androidx.test.core.app.InstrumentationActivityInvoker$BootstrapActivity@48e3b07 in: PAUSED
06-06 12:24:51.431 17900 17900 V ActivityScenario: Activity lifecycle changed event received but ignored because the intent does not match. startActivityIntent=Intent { act=android.intent.action.MAIN cat=[android.intent.category.LAUNCHER] cmp=com.example.dogglers/.GridListActivity }, activity.getIntent()=Intent { act=android.intent.action.MAIN cat=[android.intent.category.LAUNCHER] flg=0x10008000 cmp=com.example.dogglers/androidx.test.core.app.InstrumentationActivityInvoker$BootstrapActivity (has extras) }, activity=androidx.test.core.app.InstrumentationActivityInvoker$BootstrapActivity@48e3b07
06-06 12:24:51.447 17900 17900 D LifecycleMonitor: Lifecycle status change: com.example.dogglers.GridListActivity@589e759 in: PRE_ON_CREATE
06-06 12:24:51.448 17900 17900 V ActivityScenario: Activity lifecycle changed event received but ignored because the reported transition was not ON_CREATE while the last known transition was PRE_ON_CREATE
06-06 12:24:51.455  2386  2386 I GsaVoiceInteractionSrv: Handling ACTION_STOP_HOTWORD
06-06 12:24:51.455  2386  2386 E HwDetectorWithState: a: 3
06-06 12:24:51.470 17900 17900 D LifecycleMonitor: Lifecycle status change: com.example.dogglers.GridListActivity@589e759 in: CREATED
06-06 12:24:51.470 17900 17900 V ActivityScenario: Update currentActivityStage to CREATED, currentActivity=com.example.dogglers.GridListActivity@589e759
06-06 12:24:51.473 17900 17900 D LifecycleMonitor: Lifecycle status change: com.example.dogglers.GridListActivity@589e759 in: STARTED
06-06 12:24:51.474 17900 17900 V ActivityScenario: Update currentActivityStage to STARTED, currentActivity=com.example.dogglers.GridListActivity@589e759
06-06 12:24:51.476 17900 17900 D LifecycleMonitor: Lifecycle status change: com.example.dogglers.GridListActivity@589e759 in: RESUMED
06-06 12:24:51.476 17900 17900 V ActivityScenario: Update currentActivityStage to RESUMED, currentActivity=com.example.dogglers.GridListActivity@589e759
06-06 12:24:51.502   340  6904 D goldfish-address-space: claimShared: Ask to claim region [0x3f6ccf000 0x3f7673000]
06-06 12:24:51.512   340  6904 D goldfish-address-space: claimShared: Ask to claim region [0x3f4000000 0x3f49a4000]
06-06 12:24:51.514   340   441 D goldfish-address-space: claimShared: Ask to claim region [0x3f49a4000 0x3f5348000]
06-06 12:24:51.580   547   586 I ActivityTaskManager: Displayed com.example.dogglers/.GridListActivity: +235ms
06-06 12:24:51.600 17900 17900 D RootViewPicker: Root not ready - waiting: 10ms for one to appear.
06-06 12:24:51.617  1546  1546 I GoogleInputMethodService: GoogleInputMethodService.onFinishInput():3420
06-06 12:24:51.618  1546  1546 I GoogleInputMethodService: GoogleInputMethodService.onStartInput():2002
06-06 12:24:51.618  1546  1546 I DeviceUnlockedTag: DeviceUnlockedTag.notifyDeviceLockStatusChanged():31 Notify device unlocked.
06-06 12:24:51.658 17900 17900 I ViewInteraction: Checking 'MatchesViewAssertion{viewMatcher=(view has effective visibility <VISIBLE> and view.getGlobalVisibleRect() to return non-empty rectangle)}' assertion on view an instance of android.widget.TextView and view.getText() with or without transformation to match: is "Tzeitel"
06-06 12:24:51.659 17900 17900 E ViewAssertions: '(view has effective visibility <VISIBLE> and view.getGlobalVisibleRect() to return non-empty rectangle)' check could not be performed because view 'an instance of android.widget.TextView and view.getText() with or without transformation to match: is "Tzeitel"' was not found.
06-06 12:24:51.699 17900 17900 D LifecycleMonitor: Lifecycle status change: com.example.dogglers.GridListActivity@589e759 in: PAUSED
06-06 12:24:51.701 17900 17900 V ActivityScenario: Update currentActivityStage to PAUSED, currentActivity=com.example.dogglers.GridListActivity@589e759
06-06 12:24:51.726 17900 17900 D LifecycleMonitor: Lifecycle status change: androidx.test.core.app.InstrumentationActivityInvoker$EmptyActivity@357ad70 in: PRE_ON_CREATE
06-06 12:24:51.727 17900 17900 V ActivityScenario: Activity lifecycle changed event received but ignored because the intent does not match. startActivityIntent=Intent { act=android.intent.action.MAIN cat=[android.intent.category.LAUNCHER] cmp=com.example.dogglers/.GridListActivity }, activity.getIntent()=Intent { act=android.intent.action.MAIN cat=[android.intent.category.LAUNCHER] flg=0x10000000 cmp=com.example.dogglers/androidx.test.core.app.InstrumentationActivityInvoker$EmptyActivity }, activity=androidx.test.core.app.InstrumentationActivityInvoker$EmptyActivity@357ad70
06-06 12:24:51.737 17900 17900 D LifecycleMonitor: Lifecycle status change: androidx.test.core.app.InstrumentationActivityInvoker$EmptyActivity@357ad70 in: CREATED
06-06 12:24:51.740 17900 17900 V ActivityScenario: Activity lifecycle changed event received but ignored because the intent does not match. startActivityIntent=Intent { act=android.intent.action.MAIN cat=[android.intent.category.LAUNCHER] cmp=com.example.dogglers/.GridListActivity }, activity.getIntent()=Intent { act=android.intent.action.MAIN cat=[android.intent.category.LAUNCHER] flg=0x10000000 cmp=com.example.dogglers/androidx.test.core.app.InstrumentationActivityInvoker$EmptyActivity }, activity=androidx.test.core.app.InstrumentationActivityInvoker$EmptyActivity@357ad70
06-06 12:24:51.747 17900 17900 D LifecycleMonitor: Lifecycle status change: androidx.test.core.app.InstrumentationActivityInvoker$EmptyActivity@357ad70 in: STARTED
06-06 12:24:51.748  2149  2149 I A       : onApplyWindowInsets: systemWindowInsets=Insets{left=0, top=145, right=0, bottom=132}
06-06 12:24:51.748 17900 17900 V ActivityScenario: Activity lifecycle changed event received but ignored because the intent does not match. startActivityIntent=Intent { act=android.intent.action.MAIN cat=[android.intent.category.LAUNCHER] cmp=com.example.dogglers/.GridListActivity }, activity.getIntent()=Intent { act=android.intent.action.MAIN cat=[android.intent.category.LAUNCHER] flg=0x10000000 cmp=com.example.dogglers/androidx.test.core.app.InstrumentationActivityInvoker$EmptyActivity }, activity=androidx.test.core.app.InstrumentationActivityInvoker$EmptyActivity@357ad70
06-06 12:24:51.749  2149  2149 I A       : onApplyWindowInsets: Adjusting for display cutouts. Safe insets: left=0, top=136, right=0, bottom=0
06-06 12:24:51.751  2149  2149 I A       : onApplyWindowInsets: systemWindowInsets=Insets{left=0, top=145, right=0, bottom=132}
06-06 12:24:51.755 17900 17900 D LifecycleMonitor: Lifecycle status change: androidx.test.core.app.InstrumentationActivityInvoker$EmptyActivity@357ad70 in: RESUMED
06-06 12:24:51.756 17900 17900 V ActivityScenario: Activity lifecycle changed event received but ignored because the intent does not match. startActivityIntent=Intent { act=android.intent.action.MAIN cat=[android.intent.category.LAUNCHER] cmp=com.example.dogglers/.GridListActivity }, activity.getIntent()=Intent { act=android.intent.action.MAIN cat=[android.intent.category.LAUNCHER] flg=0x10000000 cmp=com.example.dogglers/androidx.test.core.app.InstrumentationActivityInvoker$EmptyActivity }, activity=androidx.test.core.app.InstrumentationActivityInvoker$EmptyActivity@357ad70
06-06 12:24:51.788   340   441 D goldfish-address-space: claimShared: Ask to claim region [0x3ec62c000 0x3ecfd0000]
06-06 12:24:51.804   340   441 D goldfish-address-space: claimShared: Ask to claim region [0x3f2690000 0x3f3034000]
06-06 12:24:51.820   340   441 D goldfish-address-space: claimShared: Ask to claim region [0x3f09a4000 0x3f1348000]
06-06 12:24:51.835   547   590 W InputManager-JNI: Input channel object 'a73348f Splash Screen com.example.dogglers (client)' was disposed without first being removed with the input manager!
06-06 12:24:51.838   547   586 I ActivityTaskManager: Displayed com.example.dogglers/androidx.test.core.app.InstrumentationActivityInvoker$EmptyActivity: +164ms
06-06 12:24:51.871 17900 17900 D LifecycleMonitor: Lifecycle status change: com.example.dogglers.GridListActivity@589e759 in: STOPPED
06-06 12:24:51.872 17900 17900 V ActivityScenario: Update currentActivityStage to STOPPED, currentActivity=com.example.dogglers.GridListActivity@589e759
06-06 12:24:51.885 17900 17900 D LifecycleMonitor: Lifecycle status change: com.example.dogglers.GridListActivity@589e759 in: DESTROYED
06-06 12:24:51.885 17900 17900 V ActivityScenario: Update currentActivityStage to DESTROYED, currentActivity=null
06-06 12:24:51.897   547  2364 W InputManager-JNI: Input channel object 'accbf77 com.example.dogglers/com.example.dogglers.GridListActivity (client)' was disposed without first being removed with the input manager!
06-06 12:24:51.900 17900 17900 D LifecycleMonitor: Lifecycle status change: androidx.test.core.app.InstrumentationActivityInvoker$BootstrapActivity@48e3b07 in: STOPPED
06-06 12:24:51.900 17900 17900 V ActivityScenario: Activity lifecycle changed event received but ignored because the intent does not match. startActivityIntent=Intent { act=android.intent.action.MAIN cat=[android.intent.category.LAUNCHER] cmp=com.example.dogglers/.GridListActivity }, activity.getIntent()=Intent { act=android.intent.action.MAIN cat=[android.intent.category.LAUNCHER] flg=0x10008000 cmp=com.example.dogglers/androidx.test.core.app.InstrumentationActivityInvoker$BootstrapActivity (has extras) }, activity=androidx.test.core.app.InstrumentationActivityInvoker$BootstrapActivity@48e3b07
06-06 12:24:51.905 17900 17900 D LifecycleMonitor: Lifecycle status change: androidx.test.core.app.InstrumentationActivityInvoker$EmptyActivity@357ad70 in: PAUSED
06-06 12:24:51.905 17900 17900 V ActivityScenario: Activity lifecycle changed event received but ignored because the intent does not match. startActivityIntent=Intent { act=android.intent.action.MAIN cat=[android.intent.category.LAUNCHER] cmp=com.example.dogglers/.GridListActivity }, activity.getIntent()=Intent { act=android.intent.action.MAIN cat=[android.intent.category.LAUNCHER] flg=0x10000000 cmp=com.example.dogglers/androidx.test.core.app.InstrumentationActivityInvoker$EmptyActivity }, activity=androidx.test.core.app.InstrumentationActivityInvoker$EmptyActivity@357ad70
06-06 12:24:51.918 17900 17900 D LifecycleMonitor: Lifecycle status change: androidx.test.core.app.InstrumentationActivityInvoker$BootstrapActivity@48e3b07 in: DESTROYED
06-06 12:24:51.918 17900 17900 V ActivityScenario: Activity lifecycle changed event received but ignored because the intent does not match. startActivityIntent=Intent { act=android.intent.action.MAIN cat=[android.intent.category.LAUNCHER] cmp=com.example.dogglers/.GridListActivity }, activity.getIntent()=Intent { act=android.intent.action.MAIN cat=[android.intent.category.LAUNCHER] flg=0x10008000 cmp=com.example.dogglers/androidx.test.core.app.InstrumentationActivityInvoker$BootstrapActivity (has extras) }, activity=androidx.test.core.app.InstrumentationActivityInvoker$BootstrapActivity@48e3b07
06-06 12:24:51.927 17900 17900 D LifecycleMonitor: Lifecycle status change: androidx.test.core.app.InstrumentationActivityInvoker$EmptyActivity@4b56846 in: PRE_ON_CREATE
06-06 12:24:51.928 17900 17900 V ActivityScenario: Activity lifecycle changed event received but ignored because the intent does not match. startActivityIntent=Intent { act=android.intent.action.MAIN cat=[android.intent.category.LAUNCHER] cmp=com.example.dogglers/.GridListActivity }, activity.getIntent()=Intent { act=android.intent.action.MAIN cat=[android.intent.category.LAUNCHER] flg=0x10000000 cmp=com.example.dogglers/androidx.test.core.app.InstrumentationActivityInvoker$EmptyActivity }, activity=androidx.test.core.app.InstrumentationActivityInvoker$EmptyActivity@4b56846
06-06 12:24:51.931 17900 17900 D LifecycleMonitor: Lifecycle status change: androidx.test.core.app.InstrumentationActivityInvoker$EmptyActivity@4b56846 in: CREATED
06-06 12:24:51.931 17900 17900 V ActivityScenario: Activity lifecycle changed event received but ignored because the intent does not match. startActivityIntent=Intent { act=android.intent.action.MAIN cat=[android.intent.category.LAUNCHER] cmp=com.example.dogglers/.GridListActivity }, activity.getIntent()=Intent { act=android.intent.action.MAIN cat=[android.intent.category.LAUNCHER] flg=0x10000000 cmp=com.example.dogglers/androidx.test.core.app.InstrumentationActivityInvoker$EmptyActivity }, activity=androidx.test.core.app.InstrumentationActivityInvoker$EmptyActivity@4b56846
06-06 12:24:51.931 17900 17900 D LifecycleMonitor: Lifecycle status change: androidx.test.core.app.InstrumentationActivityInvoker$EmptyActivity@4b56846 in: STARTED
06-06 12:24:51.932 17900 17900 V ActivityScenario: Activity lifecycle changed event received but ignored because the intent does not match. startActivityIntent=Intent { act=android.intent.action.MAIN cat=[android.intent.category.LAUNCHER] cmp=com.example.dogglers/.GridListActivity }, activity.getIntent()=Intent { act=android.intent.action.MAIN cat=[android.intent.category.LAUNCHER] flg=0x10000000 cmp=com.example.dogglers/androidx.test.core.app.InstrumentationActivityInvoker$EmptyActivity }, activity=androidx.test.core.app.InstrumentationActivityInvoker$EmptyActivity@4b56846
06-06 12:24:51.933 17900 17900 D LifecycleMonitor: Lifecycle status change: androidx.test.core.app.InstrumentationActivityInvoker$EmptyActivity@4b56846 in: RESUMED
06-06 12:24:51.934 17900 17900 V ActivityScenario: Activity lifecycle changed event received but ignored because the intent does not match. startActivityIntent=Intent { act=android.intent.action.MAIN cat=[android.intent.category.LAUNCHER] cmp=com.example.dogglers/.GridListActivity }, activity.getIntent()=Intent { act=android.intent.action.MAIN cat=[android.intent.category.LAUNCHER] flg=0x10000000 cmp=com.example.dogglers/androidx.test.core.app.InstrumentationActivityInvoker$EmptyActivity }, activity=androidx.test.core.app.InstrumentationActivityInvoker$EmptyActivity@4b56846
06-06 12:24:51.948   340   441 D goldfish-address-space: claimShared: Ask to claim region [0x3ee7f3000 0x3ef197000]
06-06 12:24:51.954   340   441 D goldfish-address-space: claimShared: Ask to claim region [0x3ef197000 0x3efb3b000]
06-06 12:24:51.956   340   441 D goldfish-address-space: claimShared: Ask to claim region [0x3ecfd0000 0x3ed974000]
06-06 12:24:51.979   547   586 I ActivityTaskManager: Displayed com.example.dogglers/androidx.test.core.app.InstrumentationActivityInvoker$EmptyActivity: +91ms
06-06 12:24:51.983 17900 17900 D LifecycleMonitor: Lifecycle status change: androidx.test.core.app.InstrumentationActivityInvoker$EmptyActivity@357ad70 in: STOPPED
06-06 12:24:51.984 17900 17900 V ActivityScenario: Activity lifecycle changed event received but ignored because the intent does not match. startActivityIntent=Intent { act=android.intent.action.MAIN cat=[android.intent.category.LAUNCHER] cmp=com.example.dogglers/.GridListActivity }, activity.getIntent()=Intent { act=android.intent.action.MAIN cat=[android.intent.category.LAUNCHER] flg=0x10000000 cmp=com.example.dogglers/androidx.test.core.app.InstrumentationActivityInvoker$EmptyActivity }, activity=androidx.test.core.app.InstrumentationActivityInvoker$EmptyActivity@357ad70
06-06 12:24:51.996   340   441 D goldfish-address-space: claimShared: Ask to claim region [0x3f0000000 0x3f062c000]
06-06 12:24:52.017 17900 17900 D LifecycleMonitor: Lifecycle status change: androidx.test.core.app.InstrumentationActivityInvoker$EmptyActivity@357ad70 in: DESTROYED
06-06 12:24:52.018 17900 17900 V ActivityScenario: Activity lifecycle changed event received but ignored because the intent does not match. startActivityIntent=Intent { act=android.intent.action.MAIN cat=[android.intent.category.LAUNCHER] cmp=com.example.dogglers/.GridListActivity }, activity.getIntent()=Intent { act=android.intent.action.MAIN cat=[android.intent.category.LAUNCHER] flg=0x10000000 cmp=com.example.dogglers/androidx.test.core.app.InstrumentationActivityInvoker$EmptyActivity }, activity=androidx.test.core.app.InstrumentationActivityInvoker$EmptyActivity@357ad70
06-06 12:24:52.022   547   760 W InputManager-JNI: Input channel object 'c23ded6 com.example.dogglers/androidx.test.core.app.InstrumentationActivityInvoker$EmptyActivity (client)' was disposed without first being removed with the input manager!
06-06 12:24:52.032 17900 17900 D LifecycleMonitor: Lifecycle status change: androidx.test.core.app.InstrumentationActivityInvoker$EmptyActivity@4b56846 in: PAUSED
06-06 12:24:52.033 17900 17900 V ActivityScenario: Activity lifecycle changed event received but ignored because the intent does not match. startActivityIntent=Intent { act=android.intent.action.MAIN cat=[android.intent.category.LAUNCHER] cmp=com.example.dogglers/.GridListActivity }, activity.getIntent()=Intent { act=android.intent.action.MAIN cat=[android.intent.category.LAUNCHER] flg=0x10000000 cmp=com.example.dogglers/androidx.test.core.app.InstrumentationActivityInvoker$EmptyActivity }, activity=androidx.test.core.app.InstrumentationActivityInvoker$EmptyActivity@4b56846
06-06 12:24:52.048 17900 17928 E TestRunner: failed: grid_list_content_at_first_position(com.example.dogglers.GridListTests)
06-06 12:24:52.049 17900 17928 E TestRunner: ----- begin exception -----
06-06 12:24:52.051 17900 17928 E TestRunner: androidx.test.espresso.NoMatchingViewException: No views in hierarchy found matching: an instance of android.widget.TextView and view.getText() with or without transformation to match: is "Tzeitel"
06-06 12:24:52.051 17900 17928 E TestRunner:
06-06 12:24:52.051 17900 17928 E TestRunner: View Hierarchy:
06-06 12:24:52.051 17900 17928 E TestRunner: +>DecorView{id=-1, visibility=VISIBLE, width=1080, height=2340, has-focus=false, has-focusable=true, has-window-focus=true, is-clickable=false, is-enabled=true, is-focused=false, is-focusable=false, is-layout-requested=false, is-selected=false, layout-params={(0,0)(fillxfill) ty=BASE_APPLICATION wanim=0x10302fe
06-06 12:24:52.051 17900 17928 E TestRunner:   fl=LAYOUT_IN_SCREEN LAYOUT_INSET_DECOR SPLIT_TOUCH HARDWARE_ACCELERATED DRAWS_SYSTEM_BAR_BACKGROUNDS
06-06 12:24:52.051 17900 17928 E TestRunner:   pfl=NO_MOVE_ANIMATION FORCE_DRAW_STATUS_BAR_BACKGROUND FIT_INSETS_CONTROLLED
06-06 12:24:52.051 17900 17928 E TestRunner:   bhv=DEFAULT
06-06 12:24:52.051 17900 17928 E TestRunner:   fitSides=}, tag=null, root-is-layout-requested=false, has-input-connection=false, x=0.0, y=0.0, child-count=3}
06-06 12:24:52.051 17900 17928 E TestRunner: |
06-06 12:24:52.051 17900 17928 E TestRunner: +->LinearLayout{id=-1, visibility=VISIBLE, width=1080, height=2208, has-focus=false, has-focusable=true, has-window-focus=true, is-clickable=false, is-enabled=true, is-focused=false, is-focusable=false, is-layout-requested=false, is-selected=false, layout-params=android.widget.FrameLayout$LayoutParams@c23ab77, tag=null, root-is-layout-requested=false, has-input-connection=false, x=0.0, y=0.0, child-count=2}
06-06 12:24:52.051 17900 17928 E TestRunner: |
06-06 12:24:52.051 17900 17928 E TestRunner: +-->ViewStub{id=16908720, res-name=action_mode_bar_stub, visibility=GONE, width=0, height=0, has-focus=false, has-focusable=false, has-window-focus=true, is-clickable=false, is-enabled=true, is-focused=false, is-focusable=false, is-layout-requested=true, is-selected=false, layout-params=android.widget.LinearLayout$LayoutParams@e7873e4, tag=null, root-is-layout-requested=false, has-input-connection=false, x=0.0, y=0.0}
06-06 12:24:52.051 17900 17928 E TestRunner: |
06-06 12:24:52.051 17900 17928 E TestRunner: +-->FrameLayout{id=-1, visibility=VISIBLE, width=1080, height=2063, has-focus=false, has-focusable=true, has-window-focus=true, is-clickable=false, is-enabled=true, is-focused=false, is-focusable=false, is-layout-requested=false, is-selected=false, layout-params=android.widget.LinearLayout$LayoutParams@742c702, tag=null, root-is-layout-requested=false, has-input-connection=false, x=0.0, y=145.0, child-count=1}
06-06 12:24:52.051 17900 17928 E TestRunner: |
06-06 12:24:52.051 17900 17928 E TestRunner: +--->ActionBarOverlayLayout{id=2131230866, res-name=decor_content_parent, visibility=VISIBLE, width=1080, height=2063, has-focus=false, has-focusable=true, has-window-focus=true, is-clickable=false, is-enabled=true, is-focused=false, is-focusable=false, is-layout-requested=false, is-selected=false, layout-params=android.widget.FrameLayout$LayoutParams@f5a5449, tag=null, root-is-layout-requested=false, has-input-connection=false, x=0.0, y=0.0, child-count=2}
06-06 12:24:52.051 17900 17928 E TestRunner: |
06-06 12:24:52.051 17900 17928 E TestRunner: +---->ContentFrameLayout{id=16908290, res-name=content, visibility=VISIBLE, width=1080, height=1909, has-focus=false, has-focusable=true, has-window-focus=true, is-clickable=false, is-enabled=true, is-focused=false, is-focusable=false, is-layout-requested=false, is-selected=false, layout-params=androidx.appcompat.widget.ActionBarOverlayLayout$LayoutParams@ece926f, tag=null, root-is-layout-requested=false, has-input-connection=false, x=0.0, y=154.0, child-count=1}
06-06 12:24:52.051 17900 17928 E TestRunner: |
06-06 12:24:52.051 17900 17928 E TestRunner: +----->FrameLayout{id=-1, visibility=VISIBLE, width=1080, height=1909, has-focus=false, has-focusable=true, has-window-focus=true, is-clickable=false, is-enabled=true, is-focused=false, is-focusable=false, is-layout-requested=false, is-selected=false, layout-params=android.widget.FrameLayout$LayoutParams@2eaec05, tag=null, root-is-layout-requested=false, has-input-connection=false, x=0.0, y=0.0, child-count=1}
06-06 12:24:52.051 17900 17928 E TestRunner: |
06-06 12:24:52.051 17900 17928 E TestRunner: +------>RecyclerView{id=2131230933, res-name=grid_recycler_view, visibility=VISIBLE, width=1080, height=1909, has-focus=false, has-focusable=true, has-window-focus=true, is-clickable=false, is-enabled=true, is-focused=false, is-focusable=true, is-layout-requested=false, is-selected=false, layout-params=android.widget.FrameLayout$LayoutParams@bd29e14, tag=null, root-is-layout-requested=false, has-input-connection=false, x=0.0, y=0.0, child-count=6}
06-06 12:24:52.051 17900 17928 E TestRunner: |
06-06 12:24:52.054 17900 17928 E TestRunner: +------->MaterialCardView{id=-1, visibility=VISIBLE, width=496, height=910, has-focus=false, has-focusable=false, has-window-focus=true, is-clickable=false, is-enabled=true, is-focused=false, is-focusable=false, is-layout-requested=false, is-selected=false, layout-params=androidx.recyclerview.widget.GridLayoutManager$LayoutParams@fef4b2, tag=null, root-is-layout-requested=false, has-input-connection=false, x=22.0, y=22.0, is-checked=false, child-count=1}
06-06 12:24:52.054 17900 17928 E TestRunner: |
06-06 12:24:52.054 17900 17928 E TestRunner: +-------->ConstraintLayout{id=-1, visibility=VISIBLE, width=496, height=910, has-focus=false, has-focusable=false, has-window-focus=true, is-clickable=false, is-enabled=true, is-focused=false, is-focusable=false, is-layout-requested=false, is-selected=false, layout-params=android.widget.FrameLayout$LayoutParams@92ef55f, tag=null, root-is-layout-requested=false, has-input-connection=false, x=0.0, y=0.0, child-count=4}
06-06 12:24:52.054 17900 17928 E TestRunner: |
06-06 12:24:52.054 17900 17928 E TestRunner: +--------->AppCompatImageView{id=2131230952, res-name=image_view, visibility=VISIBLE, width=496, height=534, has-focus=false, has-focusable=false, has-window-focus=true, is-clickable=false, is-enabled=true, is-focused=false, is-focusable=false, is-layout-requested=false, is-selected=false, layout-params=androidx.constraintlayout.widget.ConstraintLayout$LayoutParams@e3b9bac, tag=null, root-is-layout-requested=false, has-input-connection=false, x=0.0, y=0.0}
06-06 12:24:52.054 17900 17928 E TestRunner: |
06-06 12:24:52.054 17900 17928 E TestRunner: +--------->MaterialTextView{id=2131231194, res-name=tv_name, visibility=VISIBLE, width=116, height=74, has-focus=false, has-focusable=false, has-window-focus=true, is-clickable=false, is-enabled=true, is-focused=false, is-focusable=false, is-layout-requested=false, is-selected=false, layout-params=androidx.constraintlayout.widget.ConstraintLayout$LayoutParams@bd7e075, tag=null, root-is-layout-requested=false, has-input-connection=false, x=22.0, y=556.0, text=Nala, input-type=0, ime-target=false, has-links=false}
06-06 12:24:52.054 17900 17928 E TestRunner: |
06-06 12:24:52.054 17900 17928 E TestRunner: +--------->MaterialTextView{id=2131231192, res-name=tv_age, visibility=VISIBLE, width=133, height=59, has-focus=false, has-focusable=false, has-window-focus=true, is-clickable=false, is-enabled=true, is-focused=false, is-focusable=false, is-layout-requested=false, is-selected=false, layout-params=androidx.constraintlayout.widget.ConstraintLayout$LayoutParams@cc680a, tag=null, root-is-layout-requested=false, has-input-connection=false, x=22.0, y=674.0, text=Age: 3, input-type=0, ime-target=false, has-links=false}
06-06 12:24:52.054 17900 17928 E TestRunner: |
06-06 12:24:52.054 17900 17928 E TestRunner: +--------->MaterialTextView{id=2131231193, res-name=tv_hobbies, visibility=VISIBLE, width=452, height=111, has-focus=false, has-focusable=false, has-window-focus=true, is-clickable=false, is-enabled=true, is-focused=false, is-focusable=false, is-layout-requested=false, is-selected=false, layout-params=androidx.constraintlayout.widget.ConstraintLayout$LayoutParams@77887b, tag=null, root-is-layout-requested=false, has-input-connection=false, x=22.0, y=777.0, text=Hobbies: Strolling in the garden, input-type=0, ime-target=false, has-links=false}
06-06 12:24:52.054 17900 17928 E TestRunner: |
06-06 12:24:52.054 17900 17928 E TestRunner: +------->MaterialCardView{id=-1, visibility=VISIBLE, width=496, height=910, has-focus=false, has-focusable=false, has-window-focus=true, is-clickable=false, is-enabled=true, is-focused=false, is-focusable=false, is-layout-requested=false, is-selected=false, layout-params=androidx.recyclerview.widget.GridLayoutManager$LayoutParams@d30ef1, tag=null, root-is-layout-requested=false, has-input-connection=false, x=562.0, y=22.0, is-checked=false, child-count=1}
06-06 12:24:52.054 17900 17928 E TestRunner: |
06-06 12:24:52.054 17900 17928 E TestRunner: +-------->ConstraintLayout{id=-1, visibility=VISIBLE, width=496, height=858, has-focus=false, has-focusable=false, has-window-focus=true, is-clickable=false, is-enabled=true, is-focused=false, is-focusable=false, is-layout-requested=false, is-selected=false, layout-params=android.widget.FrameLayout$LayoutParams@cb9ee62, tag=null, root-is-layout-requested=false, has-input-connection=false, x=0.0, y=0.0, child-count=4}
06-06 12:24:52.054 17900 17928 E TestRunner: |
06-06 12:24:52.054 17900 17928 E TestRunner: +--------->AppCompatImageView{id=2131230952, res-name=image_view, visibility=VISIBLE, width=496, height=534, has-focus=false, has-focusable=false, has-window-focus=true, is-clickable=false, is-enabled=true, is-focused=false, is-focusable=false, is-layout-requested=false, is-selected=false, layout-params=androidx.constraintlayout.widget.ConstraintLayout$LayoutParams@3988bf3, tag=null, root-is-layout-requested=false, has-input-connection=false, x=0.0, y=0.0}
06-06 12:24:52.054 17900 17928 E TestRunner: |
06-06 12:24:52.054 17900 17928 E TestRunner: +--------->MaterialTextView{id=2131231194, res-name=tv_name, visibility=VISIBLE, width=96, height=74, has-focus=false, has-focusable=false, has-window-focus=true, is-clickable=false, is-enabled=true, is-focused=false, is-focusable=false, is-layout-requested=false, is-selected=false, layout-params=androidx.constraintlayout.widget.ConstraintLayout$LayoutParams@389d0b0, tag=null, root-is-layout-requested=false, has-input-connection=false, x=22.0, y=556.0, text=Kali, input-type=0, ime-target=false, has-links=false}
06-06 12:24:52.054 17900 17928 E TestRunner: |
06-06 12:24:52.054 17900 17928 E TestRunner: +--------->MaterialTextView{id=2131231192, res-name=tv_age, visibility=VISIBLE, width=133, height=59, has-focus=false, has-focusable=false, has-window-focus=true, is-clickable=false, is-enabled=true, is-focused=false, is-focusable=false, is-layout-requested=false, is-selected=false, layout-params=androidx.constraintlayout.widget.ConstraintLayout$LayoutParams@763ab29, tag=null, root-is-layout-requested=false, has-input-connection=false, x=22.0, y=674.0, text=Age: 1, input-type=0, ime-target=false, has-links=false}
06-06 12:24:52.054 17900 17928 E TestRunner: |
06-06 12:24:52.054 17900 17928 E TestRunner: +--------->MaterialTextView{id=2131231193, res-name=tv_hobbies, visibility=VISIBLE, width=452, height=59, has-focus=false, has-focusable=false, has-window-focus=true, is-clickable=false, is-enabled=true, is-focused=false, is-focusable=false, is-layout-requested=false, is-selected=false, layout-params=androidx.constraintlayout.widget.ConstraintLayout$LayoutParams@e4c8eae, tag=null, root-is-layout-requested=false, has-input-connection=false, x=22.0, y=777.0, text=Hobbies: Sunbathing, input-type=0, ime-target=false, has-links=false}
06-06 12:24:52.054 17900 17928 E TestRunner: |
06-06 12:24:52.054 17900 17928 E TestRunner: +------->MaterialCardView{id=-1, visibility=VISIBLE, width=496, height=910, has-focus=false, has-focusable=false, has-window-focus=true, is-clickable=false, is-enabled=true, is-focused=false, is-focusable=false, is-layout-requested=false, is-selected=false, layout-params=androidx.recyclerview.widget.GridLayoutManager$LayoutParams@53347dc, tag=null, root-is-layout-requested=false, has-input-connection=false, x=22.0, y=976.0, is-checked=false, child-count=1}
06-06 12:24:52.054 17900 17928 E TestRunner: |
06-06 12:24:52.054 17900 17928 E TestRunner: +-------->ConstraintLayout{id=-1, visibility=VISIBLE, width=496, height=910, has-focus=false, has-focusable=false, has-window-focus=true, is-clickable=false, is-enabled=true, is-focused=false, is-focusable=false, is-layout-requested=false, is-selected=false, layout-params=android.widget.FrameLayout$LayoutParams@c749661, tag=null, root-is-layout-requested=false, has-input-connection=false, x=0.0, y=0.0, child-count=4}
06-06 12:24:52.054 17900 17928 E TestRunner: |
06-06 12:24:52.054 17900 17928 E TestRunner: +--------->AppCompatImageView{id=2131230952, res-name=image_view, visibility=VISIBLE, width=496, height=534, has-focus=false, has-focusable=false, has-window-focus=true, is-clickable=false, is-enabled=true, is-focused=false, is-focusable=false, is-layout-requested=false, is-selected=false, layout-params=androidx.constraintlayout.widget.ConstraintLayout$LayoutParams@37bc586, tag=null, root-is-layout-requested=false, has-input-connection=false, x=0.0, y=0.0}
06-06 12:24:52.054 17900 17928 E TestRunner: |
06-06 12:24:52.054 17900 17928 E TestRunner: +--------->MaterialTextView{id=2131231194, res-name=tv_name, visibility=VISIBLE, width=139, height=74, has-focus=false, has-focusable=false, has-window-focus=true, is-clickable=false, is-enabled=true, is-focused=false, is-focusable=false, is-layout-requested=false, is-selected=false, layout-params=androidx.constraintlayout.widget.ConstraintLayout$LayoutParams@d861e47, tag=null, root-is-layout-requested=false, has-input-connection=false, x=22.0, y=556.0, text=Snow, input-type=0, ime-target=false, has-links=false}
06-06 12:24:52.054 17900 17928 E TestRunner: |
06-06 12:24:52.054 17900 17928 E TestRunner: +--------->MaterialTextView{id=2131231192, res-name=tv_age, visibility=VISIBLE, width=133, height=59, has-focus=false, has-focusable=false, has-window-focus=true, is-clickable=false, is-enabled=true, is-focused=false, is-focusable=false, is-layout-requested=false, is-selected=false, layout-params=androidx.constraintlayout.widget.ConstraintLayout$LayoutParams@13eb674, tag=null, root-is-layout-requested=false, has-input-connection=false, x=22.0, y=674.0, text=Age: 2, input-type=0, ime-target=false, has-links=false}
06-06 12:24:52.054 17900 17928 E TestRunner: |
06-06 12:24:52.054 17900 17928 E TestRunner: +--------->MaterialTextView{id=2131231193, res-name=tv_hobbies, visibility=VISIBLE, width=452, height=111, has-focus=false, has-focusable=false, has-window-focus=true, is-clickable=false, is-enabled=true, is-focused=false, is-focusable=false, is-layout-requested=false, is-selected=false, layout-params=androidx.constraintlayout.widget.ConstraintLayout$LayoutParams@503379d, tag=null, root-is-layout-requested=false, has-input-connection=false, x=22.0, y=777.0, text=Hobbies: Playing in the snow, input-type=0, ime-target=false, has-links=false}
06-06 12:24:52.054 17900 17928 E TestRunner: |
06-06 12:24:52.054 17900 17928 E TestRunner: +------->MaterialCardView{id=-1, visibility=VISIBLE, width=496, height=910, has-focus=false, has-focusable=false, has-window-focus=true, is-clickable=false, is-enabled=true, is-focused=false, is-focusable=false, is-layout-requested=false, is-selected=false, layout-params=androidx.recyclerview.widget.GridLayoutManager$LayoutParams@cfc57e3, tag=null, root-is-layout-requested=false, has-input-connection=false, x=562.0, y=976.0, is-checked=false, child-count=1}
06-06 12:24:52.054 17900 17928 E TestRunner: |
06-06 12:24:52.054 17900 17928 E TestRunner: +-------->ConstraintLayout{id=-1, visibility=VISIBLE, width=496, height=858, has-focus=false, has-focusable=false, has-window-focus=true, is-clickable=false, is-enabled=true, is-focused=false, is-focusable=false, is-layout-requested=false, is-selected=false, layout-params=android.widget.FrameLayout$LayoutParams@546600c, tag=null, root-is-layout-requested=false, has-input-connection=false, x=0.0, y=0.0, child-count=4}
06-06 12:24:52.054 17900 17928 E TestRunner: |
06-06 12:24:52.054 17900 17928 E TestRunner: +--------->AppCompatImageView{id=2131230952, res-name=image_view, visibility=VISIBLE, width=496, height=534, has-focus=false, has-focusable=false, has-window-focus=true, is-clickable=false, is-enabled=true, is-focused=false, is-focusable=false, is-layout-requested=false, is-selected=false, layout-params=androidx.constraintlayout.widget.ConstraintLayout$LayoutParams@582bd55, tag=null, root-is-layout-requested=false, has-input-connection=false, x=0.0, y=0.0}
06-06 12:24:52.054 17900 17928 E TestRunner: |
06-06 12:24:52.054 17900 17928 E TestRunner: +--------->MaterialTextView{id=2131231194, res-name=tv_name, visibility=VISIBLE, width=122, height=74, has-focus=false, has-focusable=false, has-window-focus=true, is-clickable=false, is-enabled=true, is-focused=false, is-focusable=false, is-layout-requested=false, is-selected=false, layout-params=androidx.constraintlayout.widget.ConstraintLayout$LayoutParams@318b36a, tag=null, root-is-layout-requested=false, has-input-connection=false, x=22.0, y=556.0, text=Jake, input-type=0, ime-target=false, has-links=false}
06-06 12:24:52.054 17900 17928 E TestRunner: |
06-06 12:24:52.054 17900 17928 E TestRunner: +--------->MaterialTextView{id=2131231192, res-name=tv_age, visibility=VISIBLE, width=133, height=59, has-focus=false, has-focusable=false, has-window-focus=true, is-clickable=false, is-enabled=true, is-focused=false, is-focusable=false, is-layout-requested=false, is-selected=false, layout-params=androidx.constraintlayout.widget.ConstraintLayout$LayoutParams@62ae05b, tag=null, root-is-layout-requested=false, has-input-connection=false, x=22.0, y=674.0, text=Age: 1, input-type=0, ime-target=false, has-links=false}
06-06 12:24:52.054 17900 17928 E TestRunner: |
06-06 12:24:52.054 17900 17928 E TestRunner: +--------->MaterialTextView{id=2131231193, res-name=tv_hobbies, visibility=VISIBLE, width=452, height=59, has-focus=false, has-focusable=false, has-window-focus=true, is-clickable=false, is-enabled=true, is-focused=false, is-focusable=false, is-layout-requested=false, is-selected=false, layout-params=androidx.constraintlayout.widget.ConstraintLayout$LayoutParams@1ff70f8, tag=null, root-is-layout-requested=false, has-input-connection=false, x=22.0, y=777.0, text=Hobbies: Surfing, input-type=0, ime-target=false, has-links=false}
06-06 12:24:52.054 17900 17928 E TestRunner: |
06-06 12:24:52.055 17900 17928 E TestRunner: +------->MaterialCardView{id=-1, visibility=VISIBLE, width=496, height=910, has-focus=false, has-focusable=false, has-window-focus=true, is-clickable=false, is-enabled=true, is-focused=false, is-focusable=false, is-layout-requested=false, is-selected=false, layout-params=androidx.recyclerview.widget.GridLayoutManager$LayoutParams@c869c36, tag=null, root-is-layout-requested=false, has-input-connection=false, x=22.0, y=1930.0, is-checked=false, child-count=1}
06-06 12:24:52.055 17900 17928 E TestRunner: |
06-06 12:24:52.055 17900 17928 E TestRunner: +-------->ConstraintLayout{id=-1, visibility=VISIBLE, width=496, height=910, has-focus=false, has-focusable=false, has-window-focus=true, is-clickable=false, is-enabled=true, is-focused=false, is-focusable=false, is-layout-requested=false, is-selected=false, layout-params=android.widget.FrameLayout$LayoutParams@5a2ffd3, tag=null, root-is-layout-requested=false, has-input-connection=false, x=0.0, y=0.0, child-count=4}
06-06 12:24:52.055 17900 17928 E TestRunner: |
06-06 12:24:52.055 17900 17928 E TestRunner: +--------->AppCompatImageView{id=2131230952, res-name=image_view, visibility=VISIBLE, width=496, height=534, has-focus=false, has-focusable=false, has-window-focus=true, is-clickable=false, is-enabled=true, is-focused=false, is-focusable=false, is-layout-requested=false, is-selected=false, layout-params=androidx.constraintlayout.widget.ConstraintLayout$LayoutParams@8b6710, tag=null, root-is-layout-requested=false, has-input-connection=false, x=0.0, y=0.0}
06-06 12:24:52.055 17900 17928 E TestRunner: |
06-06 12:24:52.055 17900 17928 E TestRunner: +--------->MaterialTextView{id=2131231194, res-name=tv_name, visibility=VISIBLE, width=120, height=74, has-focus=false, has-focusable=false, has-window-focus=true, is-clickable=false, is-enabled=true, is-focused=false, is-focusable=false, is-layout-requested=false, is-selected=false, layout-params=androidx.constraintlayout.widget.ConstraintLayout$LayoutParams@b21f209, tag=null, root-is-layout-requested=false, has-input-connection=false, x=22.0, y=556.0, text=Oreo, input-type=0, ime-target=false, has-links=false}
06-06 12:24:52.055 17900 17928 E TestRunner: |
06-06 12:24:52.055 17900 17928 E TestRunner: +--------->MaterialTextView{id=2131231192, res-name=tv_age, visibility=VISIBLE, width=133, height=59, has-focus=false, has-focusable=false, has-window-focus=true, is-clickable=false, is-enabled=true, is-focused=false, is-focusable=false, is-layout-requested=false, is-selected=false, layout-params=androidx.constraintlayout.widget.ConstraintLayout$LayoutParams@128fc0e, tag=null, root-is-layout-requested=false, has-input-connection=false, x=22.0, y=674.0, text=Age: 1, input-type=0, ime-target=false, has-links=false}
06-06 12:24:52.055 17900 17928 E TestRunner: |
06-06 12:24:52.055 17900 17928 E TestRunner: +--------->MaterialTextView{id=2131231193, res-name=tv_hobbies, visibility=VISIBLE, width=452, height=111, has-focus=false, has-focusable=false, has-window-focus=true, is-clickable=false, is-enabled=true, is-focused=false, is-focusable=false, is-layout-requested=false, is-selected=false, layout-params=androidx.constraintlayout.widget.ConstraintLayout$LayoutParams@c13c62f, tag=null, root-is-layout-requested=false, has-input-connection=false, x=22.0, y=777.0, text=Hobbies: Playing tennis, input-type=0, ime-target=false, has-links=false}
06-06 12:24:52.055 17900 17928 E TestRunner: |
06-06 12:24:52.055 17900 17928 E TestRunner: +------->MaterialCardView{id=-1, visibility=VISIBLE, width=496, height=910, has-focus=false, has-focusable=false, has-window-focus=true, is-clickable=false, is-enabled=true, is-focused=false, is-focusable=false, is-layout-requested=false, is-selected=false, layout-params=androidx.recyclerview.widget.GridLayoutManager$LayoutParams@4eea5c5, tag=null, root-is-layout-requested=false, has-input-connection=false, x=562.0, y=1930.0, is-checked=false, child-count=1}
06-06 12:24:52.055 17900 17928 E TestRunner: |
06-06 12:24:52.055 17900 17928 E TestRunner: +-------->ConstraintLayout{id=-1, visibility=VISIBLE, width=496, height=858, has-focus=false, has-focusable=false, has-window-focus=true, is-clickable=false, is-enabled=true, is-focused=false, is-focusable=false, is-layout-requested=false, is-selected=false, layout-params=android.widget.FrameLayout$LayoutParams@10c7ee6, tag=null, root-is-layout-requested=false, has-input-connection=false, x=0.0, y=0.0, child-count=4}
06-06 12:24:52.055 17900 17928 E TestRunner: |
06-06 12:24:52.057  2149  2149 I A       : onApplyWindowInsets: systemWindowInsets=Insets{left=0, top=145, right=0, bottom=132}
06-06 12:24:52.064  2149  2149 I A       : onApplyWindowInsets: Adjusting for display cutouts. Safe insets: left=0, top=136, right=0, bottom=0
06-06 12:24:52.064  2149  2149 I A       : onApplyWindowInsets: systemWindowInsets=Insets{left=0, top=145, right=0, bottom=132}
06-06 12:24:52.065   340   441 D goldfish-address-space: claimShared: Ask to claim region [0x3ec62c000 0x3ecfd0000]
06-06 12:24:52.066 17900 17928 E TestRunner: +--------->AppCompatImageView{id=2131230952, res-name=image_view, visibility=VISIBLE, width=496, height=534, has-focus=false, has-focusable=false, has-window-focus=true, is-clickable=false, is-enabled=true, is-focused=false, is-focusable=false, is-layout-requested=false, is-selected=false, layout-params=androidx.constraintlayout.widget.ConstraintLayout$LayoutParams@ce04c27, tag=null, root-is-layout-requested=false, has-input-connection=false, x=0.0, y=0.0}
06-06 12:24:52.066 17900 17928 E TestRunner: |
06-06 12:24:52.066 17900 17928 E TestRunner: +--------->MaterialTextView{id=2131231194, res-name=tv_name, visibility=VISIBLE, width=129, height=74, has-focus=false, has-focusable=false, has-window-focus=true, is-clickable=false, is-enabled=true, is-focused=false, is-focusable=false, is-layout-requested=false, is-selected=false, layout-params=androidx.constraintlayout.widget.ConstraintLayout$LayoutParams@fde7ed4, tag=null, root-is-layout-requested=false, has-input-connection=false, x=22.0, y=556.0, text=Rollo, input-type=0, ime-target=false, has-links=false}
06-06 12:24:52.066 17900 17928 E TestRunner: |
06-06 12:24:52.066 17900 17928 E TestRunner: +--------->MaterialTextView{id=2131231192, res-name=tv_age, visibility=VISIBLE, width=133, height=59, has-focus=false, has-focusable=false, has-window-focus=true, is-clickable=false, is-enabled=true, is-focused=false, is-focusable=false, is-layout-requested=false, is-selected=false, layout-params=androidx.constraintlayout.widget.ConstraintLayout$LayoutParams@858c87d, tag=null, root-is-layout-requested=false, has-input-connection=false, x=22.0, y=674.0, text=Age: 4, input-type=0, ime-target=false, has-links=false}
06-06 12:24:52.066 17900 17928 E TestRunner: |
06-06 12:24:52.066 17900 17928 E TestRunner: +--------->MaterialTextView{id=2131231193, res-name=tv_hobbies, visibility=VISIBLE, width=452, height=59, has-focus=false, has-focusable=false, has-window-focus=true, is-clickable=false, is-enabled=true, is-focused=false, is-focusable=false, is-layout-requested=false, is-selected=false, layout-params=androidx.constraintlayout.widget.ConstraintLayout$LayoutParams@891a372, tag=null, root-is-layout-requested=false, has-input-connection=false, x=22.0, y=777.0, text=Hobbies: Reading, input-type=0, ime-target=false, has-links=false}
06-06 12:24:52.066 17900 17928 E TestRunner: |
06-06 12:24:52.066 17900 17928 E TestRunner: +---->ActionBarContainer{id=2131230774, res-name=action_bar_container, visibility=VISIBLE, width=1080, height=154, has-focus=false, has-focusable=false, has-window-focus=true, is-clickable=false, is-enabled=true, is-focused=false, is-focusable=false, is-layout-requested=false, is-selected=false, layout-params=androidx.appcompat.widget.ActionBarOverlayLayout$LayoutParams@8ae6f79, tag=null, root-is-layout-requested=false, has-input-connection=false, x=0.0, y=0.0, child-count=2}
06-06 12:24:52.066 17900 17928 E TestRunner: |
06-06 12:24:52.066 17900 17928 E TestRunner: +----->Toolbar{id=2131230772, res-name=action_bar, visibility=VISIBLE, width=1080, height=154, has-focus=false, has-focusable=false, has-window-focus=true, is-clickable=false, is-enabled=true, is-focused=false, is-focusable=false, is-layout-requested=false, is-selected=false, layout-params=android.widget.FrameLayout$LayoutParams@e1d8a35, tag=null, root-is-layout-requested=false, has-input-connection=false, x=0.0, y=0.0, child-count=3}
06-06 12:24:52.066 17900 17928 E TestRunner: |
06-06 12:24:52.066 17900 17928 E TestRunner: +------>AppCompatTextView{id=-1, visibility=VISIBLE, width=225, height=74, has-focus=false, has-focusable=false, has-window-focus=true, is-clickable=false, is-enabled=true, is-focused=false, is-focusable=false, is-layout-requested=false, is-selected=false, layout-params=androidx.appcompat.widget.Toolbar$LayoutParams@cae2eca, tag=null, root-is-layout-requested=false, has-input-connection=false, x=198.0, y=40.0, text=Dogglers, input-type=0, ime-target=false, has-links=false}
06-06 12:24:52.066 17900 17928 E TestRunner: |
06-06 12:24:52.066 17900 17928 E TestRunner: +------>AppCompatImageButton{id=-1, desc=Navigate up, visibility=VISIBLE, width=154, height=154, has-focus=false, has-focusable=false, has-window-focus=true, is-clickable=true, is-enabled=true, is-focused=false, is-focusable=true, is-layout-requested=false, is-selected=false, layout-params=androidx.appcompat.widget.Toolbar$LayoutParams@2a7a83b, tag=null, root-is-layout-requested=false, has-input-connection=false, x=0.0, y=0.0}
