06-06 12:24:33.936 17900 17928 I TestRunner: started: clicking_horizontal_list_button_displays_horizontal_list(com.example.dogglers.ButtonTests)
06-06 12:24:33.984 17900 17928 W Settings: Setting always_finish_activities has moved from android.provider.Settings.System to android.provider.Settings.Global, returning read-only value.
06-06 12:24:34.083   547   599 I libprocessgroup: Successfully killed process cgroup uid 10100 pid 16331 in 6ms
06-06 12:24:34.264   843   902 D SplashScreenView: Build android.window.SplashScreenView{7d0dd0d V.E...... ......ID 0,0-0,0}
06-06 12:24:34.264   843   902 D SplashScreenView: Icon: view: null drawable: null size: 0
06-06 12:24:34.264   843   902 D SplashScreenView: Branding: view: android.view.View{c5644c2 G.ED..... ......I. 0,0-0,0 #10204a6 android:id/splashscreen_branding_view} drawable: null size w: 0 h: 0
06-06 12:24:34.292 17900 17900 D LifecycleMonitor: Lifecycle status change: androidx.test.core.app.InstrumentationActivityInvoker$BootstrapActivity@43a565 in: PRE_ON_CREATE
06-06 12:24:34.305 17900 17900 V ActivityScenario: Activity lifecycle changed event received but ignored because the intent does not match. startActivityIntent=Intent { act=android.intent.action.MAIN cat=[android.intent.category.LAUNCHER] cmp=com.example.dogglers/.MainActivity }, activity.getIntent()=Intent { act=android.intent.action.MAIN cat=[android.intent.category.LAUNCHER] flg=0x10008000 cmp=com.example.dogglers/androidx.test.core.app.InstrumentationActivityInvoker$BootstrapActivity (has extras) }, activity=androidx.test.core.app.InstrumentationActivityInvoker$BootstrapActivity@43a565
06-06 12:24:34.319   340   441 D goldfish-address-space: claimShared: Ask to claim region [0x3ec9a4000 0x3ed348000]
06-06 12:24:34.343 17900 17900 D LifecycleMonitor: Lifecycle status change: androidx.test.core.app.InstrumentationActivityInvoker$BootstrapActivity@43a565 in: CREATED
06-06 12:24:34.344 17900 17900 V ActivityScenario: Activity lifecycle changed event received but ignored because the intent does not match. startActivityIntent=Intent { act=android.intent.action.MAIN cat=[android.intent.category.LAUNCHER] cmp=com.example.dogglers/.MainActivity }, activity.getIntent()=Intent { act=android.intent.action.MAIN cat=[android.intent.category.LAUNCHER] flg=0x10008000 cmp=com.example.dogglers/androidx.test.core.app.InstrumentationActivityInvoker$BootstrapActivity (has extras) }, activity=androidx.test.core.app.InstrumentationActivityInvoker$BootstrapActivity@43a565
06-06 12:24:34.349 17900 17900 D LifecycleMonitor: Lifecycle status change: androidx.test.core.app.InstrumentationActivityInvoker$BootstrapActivity@43a565 in: STARTED
06-06 12:24:34.353 17900 17900 V ActivityScenario: Activity lifecycle changed event received but ignored because the intent does not match. startActivityIntent=Intent { act=android.intent.action.MAIN cat=[android.intent.category.LAUNCHER] cmp=com.example.dogglers/.MainActivity }, activity.getIntent()=Intent { act=android.intent.action.MAIN cat=[android.intent.category.LAUNCHER] flg=0x10008000 cmp=com.example.dogglers/androidx.test.core.app.InstrumentationActivityInvoker$BootstrapActivity (has extras) }, activity=androidx.test.core.app.InstrumentationActivityInvoker$BootstrapActivity@43a565
06-06 12:24:34.378  2386  2386 I GsaVoiceInteractionSrv: Handling ACTION_STOP_HOTWORD
06-06 12:24:34.379  2386  2386 E HwDetectorWithState: a: 3
06-06 12:24:34.385 17900 17900 D LifecycleMonitor: Lifecycle status change: androidx.test.core.app.InstrumentationActivityInvoker$BootstrapActivity@43a565 in: RESUMED
06-06 12:24:34.385 17900 17900 V ActivityScenario: Activity lifecycle changed event received but ignored because the intent does not match. startActivityIntent=Intent { act=android.intent.action.MAIN cat=[android.intent.category.LAUNCHER] cmp=com.example.dogglers/.MainActivity }, activity.getIntent()=Intent { act=android.intent.action.MAIN cat=[android.intent.category.LAUNCHER] flg=0x10008000 cmp=com.example.dogglers/androidx.test.core.app.InstrumentationActivityInvoker$BootstrapActivity (has extras) }, activity=androidx.test.core.app.InstrumentationActivityInvoker$BootstrapActivity@43a565
06-06 12:24:34.392 17900 17900 D LifecycleMonitor: Lifecycle status change: androidx.test.core.app.InstrumentationActivityInvoker$BootstrapActivity@43a565 in: PAUSED
06-06 12:24:34.392 17900 17900 V ActivityScenario: Activity lifecycle changed event received but ignored because the intent does not match. startActivityIntent=Intent { act=android.intent.action.MAIN cat=[android.intent.category.LAUNCHER] cmp=com.example.dogglers/.MainActivity }, activity.getIntent()=Intent { act=android.intent.action.MAIN cat=[android.intent.category.LAUNCHER] flg=0x10008000 cmp=com.example.dogglers/androidx.test.core.app.InstrumentationActivityInvoker$BootstrapActivity (has extras) }, activity=androidx.test.core.app.InstrumentationActivityInvoker$BootstrapActivity@43a565
06-06 12:24:34.435 17900 17900 D LifecycleMonitor: Lifecycle status change: com.example.dogglers.MainActivity@2ec4ec7 in: PRE_ON_CREATE
06-06 12:24:34.435 17900 17900 V ActivityScenario: Activity lifecycle changed event received but ignored because the reported transition was not ON_CREATE while the last known transition was PRE_ON_CREATE
06-06 12:24:34.496   327   327 I Zygote  : Process 16331 exited due to signal 9 (Killed)
06-06 12:24:34.513   340   441 D goldfish-address-space: claimShared: Ask to claim region [0x3ee1c7000 0x3eeb6b000]
06-06 12:24:34.522   340   441 D goldfish-address-space: claimShared: Ask to claim region [0x3eeb6b000 0x3ef50f000]
06-06 12:24:34.554 17900 17900 D LifecycleMonitor: Lifecycle status change: com.example.dogglers.MainActivity@2ec4ec7 in: CREATED
06-06 12:24:34.555 17900 17900 V ActivityScenario: Update currentActivityStage to CREATED, currentActivity=com.example.dogglers.MainActivity@2ec4ec7
06-06 12:24:34.564 17900 17900 D LifecycleMonitor: Lifecycle status change: com.example.dogglers.MainActivity@2ec4ec7 in: STARTED
06-06 12:24:34.564 17900 17900 V ActivityScenario: Update currentActivityStage to STARTED, currentActivity=com.example.dogglers.MainActivity@2ec4ec7
06-06 12:24:34.566 17900 17900 D LifecycleMonitor: Lifecycle status change: com.example.dogglers.MainActivity@2ec4ec7 in: RESUMED
06-06 12:24:34.567 17900 17900 V ActivityScenario: Update currentActivityStage to RESUMED, currentActivity=com.example.dogglers.MainActivity@2ec4ec7
06-06 12:24:34.580 17900 17928 W xample.doggler: Accessing hidden method Landroid/view/ViewConfiguration;->getDoubleTapMinTime()I (unsupported, reflection, allowed)
06-06 12:24:34.613 17900 17900 D LifecycleMonitor: Lifecycle status change: androidx.test.core.app.InstrumentationActivityInvoker$BootstrapActivity@43a565 in: STOPPED
06-06 12:24:34.614 17900 17900 V ActivityScenario: Activity lifecycle changed event received but ignored because the intent does not match. startActivityIntent=Intent { act=android.intent.action.MAIN cat=[android.intent.category.LAUNCHER] cmp=com.example.dogglers/.MainActivity }, activity.getIntent()=Intent { act=android.intent.action.MAIN cat=[android.intent.category.LAUNCHER] flg=0x10008000 cmp=com.example.dogglers/androidx.test.core.app.InstrumentationActivityInvoker$BootstrapActivity (has extras) }, activity=androidx.test.core.app.InstrumentationActivityInvoker$BootstrapActivity@43a565
06-06 12:24:34.654   340   441 D goldfish-address-space: claimShared: Ask to claim region [0x3f6ccf000 0x3f7673000]
06-06 12:24:34.667   340   441 D goldfish-address-space: claimShared: Ask to claim region [0x3f4000000 0x3f49a4000]
06-06 12:24:34.671   340   441 D goldfish-address-space: claimShared: Ask to claim region [0x3f49a4000 0x3f5348000]
06-06 12:24:34.753   547   586 I ActivityTaskManager: Displayed com.example.dogglers/.MainActivity: +632ms
06-06 12:24:34.773 17900 17900 D RootViewPicker: Root not ready - waiting: 10ms for one to appear.
06-06 12:24:34.804  1546  1546 I GoogleInputMethodService: GoogleInputMethodService.onFinishInput():3420
06-06 12:24:34.807  1546  1546 I GoogleInputMethodService: GoogleInputMethodService.onStartInput():2002
06-06 12:24:34.812  1546  1546 I DeviceUnlockedTag: DeviceUnlockedTag.notifyDeviceLockStatusChanged():31 Notify device unlocked.
06-06 12:24:34.836 17900 17900 I ViewInteraction: Performing 'single click' action on view view.getId() is <2131230943/com.example.dogglers:id/horizontal_btn>
06-06 12:24:34.902  2149  2149 I A       : onApplyWindowInsets: systemWindowInsets=Insets{left=0, top=145, right=0, bottom=132}
06-06 12:24:34.902  2149  2149 I A       : onApplyWindowInsets: Adjusting for display cutouts. Safe insets: left=0, top=136, right=0, bottom=0
06-06 12:24:34.903  2149  2149 I A       : onApplyWindowInsets: systemWindowInsets=Insets{left=0, top=145, right=0, bottom=132}
06-06 12:24:35.087   547   813 W InputManager-JNI: Input channel object '3b2c62e Splash Screen com.example.dogglers (client)' was disposed without first being removed with the input manager!
06-06 12:24:35.149 17900 17900 D LifecycleMonitor: Lifecycle status change: com.example.dogglers.MainActivity@2ec4ec7 in: PAUSED
06-06 12:24:35.149 17900 17900 V ActivityScenario: Update currentActivityStage to PAUSED, currentActivity=com.example.dogglers.MainActivity@2ec4ec7
06-06 12:24:35.175 17900 17900 D LifecycleMonitor: Lifecycle status change: com.example.dogglers.HorizontalListActivity@33e56f1 in: PRE_ON_CREATE
06-06 12:24:35.183 17900 17900 V ActivityScenario: Activity lifecycle changed event received but ignored because the intent does not match. startActivityIntent=Intent { act=android.intent.action.MAIN cat=[android.intent.category.LAUNCHER] cmp=com.example.dogglers/.MainActivity }, activity.getIntent()=Intent { cmp=com.example.dogglers/.HorizontalListActivity }, activity=com.example.dogglers.HorizontalListActivity@33e56f1
06-06 12:24:35.504 17900 17900 D LifecycleMonitor: Lifecycle status change: com.example.dogglers.HorizontalListActivity@33e56f1 in: CREATED
06-06 12:24:35.506 17900 17900 V ActivityScenario: Activity lifecycle changed event received but ignored because the intent does not match. startActivityIntent=Intent { act=android.intent.action.MAIN cat=[android.intent.category.LAUNCHER] cmp=com.example.dogglers/.MainActivity }, activity.getIntent()=Intent { cmp=com.example.dogglers/.HorizontalListActivity }, activity=com.example.dogglers.HorizontalListActivity@33e56f1
06-06 12:24:35.512 17900 17900 D LifecycleMonitor: Lifecycle status change: com.example.dogglers.HorizontalListActivity@33e56f1 in: STARTED
06-06 12:24:35.514 17900 17900 V ActivityScenario: Activity lifecycle changed event received but ignored because the intent does not match. startActivityIntent=Intent { act=android.intent.action.MAIN cat=[android.intent.category.LAUNCHER] cmp=com.example.dogglers/.MainActivity }, activity.getIntent()=Intent { cmp=com.example.dogglers/.HorizontalListActivity }, activity=com.example.dogglers.HorizontalListActivity@33e56f1
06-06 12:24:35.516 17900 17900 D LifecycleMonitor: Lifecycle status change: com.example.dogglers.HorizontalListActivity@33e56f1 in: RESUMED
06-06 12:24:35.517 17900 17900 V ActivityScenario: Activity lifecycle changed event received but ignored because the intent does not match. startActivityIntent=Intent { act=android.intent.action.MAIN cat=[android.intent.category.LAUNCHER] cmp=com.example.dogglers/.MainActivity }, activity.getIntent()=Intent { cmp=com.example.dogglers/.HorizontalListActivity }, activity=com.example.dogglers.HorizontalListActivity@33e56f1
06-06 12:24:35.780 17900 17930 D EGL_emulation: app_time_stats: avg=23.19ms min=2.46ms max=153.11ms count=40
06-06 12:24:35.928   340   441 D goldfish-address-space: claimShared: Ask to claim region [0x3ee1c7000 0x3eeb6b000]
06-06 12:24:35.938   340   441 D goldfish-address-space: claimShared: Ask to claim region [0x3eeb6b000 0x3ef50f000]
06-06 12:24:35.947   340   441 D goldfish-address-space: claimShared: Ask to claim region [0x3ec000000 0x3ec9a4000]
06-06 12:24:36.061   547   586 I ActivityTaskManager: Displayed com.example.dogglers/.HorizontalListActivity: +922ms
06-06 12:24:36.063 17900 17931 I OpenGLRenderer: Davey! duration=867ms; Flags=1, FrameTimelineVsyncId=91278, IntendedVsync=14221046615728, Vsync=14221413282380, InputEventId=0, HandleInputStart=14221417699323, AnimationStart=14221417735023, PerformTraversalsStart=14221418133123, DrawStart=14221808318123, FrameDeadline=14221063282394, FrameInterval=14221417674723, FrameStartTime=16666666, SyncQueued=14221816037323, SyncStart=14221821154923, IssueDrawCommandsStart=14221821252223, SwapBuffers=14221915543023, FrameCompleted=14221919716723, DequeueBufferDuration=195900, QueueBufferDuration=2671000, GpuCompleted=14221918959323, SwapBuffersCompleted=14221919716723, DisplayPresentTime=0,
06-06 12:24:36.115  1546  1546 I GoogleInputMethodService: GoogleInputMethodService.onFinishInput():3420
06-06 12:24:36.116  1546  1546 I GoogleInputMethodService: GoogleInputMethodService.onStartInput():2002
06-06 12:24:36.117  1546  1546 I DeviceUnlockedTag: DeviceUnlockedTag.notifyDeviceLockStatusChanged():31 Notify device unlocked.
06-06 12:24:36.397 17900 17900 I ViewInteraction: Checking 'MatchesViewAssertion{viewMatcher=(view has effective visibility <VISIBLE> and view.getGlobalVisibleRect() to return non-empty rectangle)}' assertion on view view.getId() is <2131230945/com.example.dogglers:id/horizontal_recycler_view>
06-06 12:24:36.410 17900 17900 D LifecycleMonitor: Lifecycle status change: com.example.dogglers.HorizontalListActivity@33e56f1 in: PAUSED
06-06 12:24:36.411 17900 17900 V ActivityScenario: Activity lifecycle changed event received but ignored because the intent does not match. startActivityIntent=Intent { act=android.intent.action.MAIN cat=[android.intent.category.LAUNCHER] cmp=com.example.dogglers/.MainActivity }, activity.getIntent()=Intent { cmp=com.example.dogglers/.HorizontalListActivity }, activity=com.example.dogglers.HorizontalListActivity@33e56f1
06-06 12:24:36.439 17900 17900 D LifecycleMonitor: Lifecycle status change: androidx.test.core.app.InstrumentationActivityInvoker$EmptyActivity@fb1900f in: PRE_ON_CREATE
06-06 12:24:36.439 17900 17900 V ActivityScenario: Activity lifecycle changed event received but ignored because the intent does not match. startActivityIntent=Intent { act=android.intent.action.MAIN cat=[android.intent.category.LAUNCHER] cmp=com.example.dogglers/.MainActivity }, activity.getIntent()=Intent { act=android.intent.action.MAIN cat=[android.intent.category.LAUNCHER] flg=0x10000000 cmp=com.example.dogglers/androidx.test.core.app.InstrumentationActivityInvoker$EmptyActivity }, activity=androidx.test.core.app.InstrumentationActivityInvoker$EmptyActivity@fb1900f
06-06 12:24:36.450 17900 17900 D LifecycleMonitor: Lifecycle status change: androidx.test.core.app.InstrumentationActivityInvoker$EmptyActivity@fb1900f in: CREATED
06-06 12:24:36.452 17900 17900 V ActivityScenario: Activity lifecycle changed event received but ignored because the intent does not match. startActivityIntent=Intent { act=android.intent.action.MAIN cat=[android.intent.category.LAUNCHER] cmp=com.example.dogglers/.MainActivity }, activity.getIntent()=Intent { act=android.intent.action.MAIN cat=[android.intent.category.LAUNCHER] flg=0x10000000 cmp=com.example.dogglers/androidx.test.core.app.InstrumentationActivityInvoker$EmptyActivity }, activity=androidx.test.core.app.InstrumentationActivityInvoker$EmptyActivity@fb1900f
06-06 12:24:36.454 17900 17900 D LifecycleMonitor: Lifecycle status change: androidx.test.core.app.InstrumentationActivityInvoker$EmptyActivity@fb1900f in: STARTED
06-06 12:24:36.462 17900 17900 V ActivityScenario: Activity lifecycle changed event received but ignored because the intent does not match. startActivityIntent=Intent { act=android.intent.action.MAIN cat=[android.intent.category.LAUNCHER] cmp=com.example.dogglers/.MainActivity }, activity.getIntent()=Intent { act=android.intent.action.MAIN cat=[android.intent.category.LAUNCHER] flg=0x10000000 cmp=com.example.dogglers/androidx.test.core.app.InstrumentationActivityInvoker$EmptyActivity }, activity=androidx.test.core.app.InstrumentationActivityInvoker$EmptyActivity@fb1900f
06-06 12:24:36.466 17900 17900 D LifecycleMonitor: Lifecycle status change: androidx.test.core.app.InstrumentationActivityInvoker$EmptyActivity@fb1900f in: RESUMED
06-06 12:24:36.467 17900 17900 V ActivityScenario: Activity lifecycle changed event received but ignored because the intent does not match. startActivityIntent=Intent { act=android.intent.action.MAIN cat=[android.intent.category.LAUNCHER] cmp=com.example.dogglers/.MainActivity }, activity.getIntent()=Intent { act=android.intent.action.MAIN cat=[android.intent.category.LAUNCHER] flg=0x10000000 cmp=com.example.dogglers/androidx.test.core.app.InstrumentationActivityInvoker$EmptyActivity }, activity=androidx.test.core.app.InstrumentationActivityInvoker$EmptyActivity@fb1900f
06-06 12:24:36.504   340   441 D goldfish-address-space: claimShared: Ask to claim region [0x3ec9a4000 0x3ed348000]
06-06 12:24:36.535   340   441 D goldfish-address-space: claimShared: Ask to claim region [0x3f0c58000 0x3f15fc000]
06-06 12:24:36.550   340   441 D goldfish-address-space: claimShared: Ask to claim region [0x3f15fc000 0x3f1fa0000]
06-06 12:24:36.612   547   586 I ActivityTaskManager: Displayed com.example.dogglers/androidx.test.core.app.InstrumentationActivityInvoker$EmptyActivity: +179ms
06-06 12:24:36.619 17900 17900 D LifecycleMonitor: Lifecycle status change: com.example.dogglers.MainActivity@2ec4ec7 in: STOPPED
06-06 12:24:36.620 17900 17900 V ActivityScenario: Update currentActivityStage to STOPPED, currentActivity=com.example.dogglers.MainActivity@2ec4ec7
06-06 12:24:36.621 17900 17900 D LifecycleMonitor: Lifecycle status change: com.example.dogglers.MainActivity@2ec4ec7 in: DESTROYED
06-06 12:24:36.621 17900 17900 V ActivityScenario: Update currentActivityStage to DESTROYED, currentActivity=null
06-06 12:24:36.634   547  2129 W InputManager-JNI: Input channel object 'cd5d8b7 com.example.dogglers/com.example.dogglers.MainActivity (client)' was disposed without first being removed with the input manager!
06-06 12:24:36.636 17900 17900 D LifecycleMonitor: Lifecycle status change: com.example.dogglers.HorizontalListActivity@33e56f1 in: STOPPED
06-06 12:24:36.637 17900 17900 V ActivityScenario: Activity lifecycle changed event received but ignored because the intent does not match. startActivityIntent=Intent { act=android.intent.action.MAIN cat=[android.intent.category.LAUNCHER] cmp=com.example.dogglers/.MainActivity }, activity.getIntent()=Intent { cmp=com.example.dogglers/.HorizontalListActivity }, activity=com.example.dogglers.HorizontalListActivity@33e56f1
06-06 12:24:36.665  1546  1546 I GoogleInputMethodService: GoogleInputMethodService.onFinishInput():3420
06-06 12:24:36.665  1546  1546 I GoogleInputMethodService: GoogleInputMethodService.onStartInput():2002
06-06 12:24:36.666  1546  1546 I DeviceUnlockedTag: DeviceUnlockedTag.notifyDeviceLockStatusChanged():31 Notify device unlocked.
06-06 12:24:36.669 17900 17900 D LifecycleMonitor: Lifecycle status change: androidx.test.core.app.InstrumentationActivityInvoker$EmptyActivity@fb1900f in: PAUSED
06-06 12:24:36.670 17900 17900 V ActivityScenario: Activity lifecycle changed event received but ignored because the intent does not match. startActivityIntent=Intent { act=android.intent.action.MAIN cat=[android.intent.category.LAUNCHER] cmp=com.example.dogglers/.MainActivity }, activity.getIntent()=Intent { act=android.intent.action.MAIN cat=[android.intent.category.LAUNCHER] flg=0x10000000 cmp=com.example.dogglers/androidx.test.core.app.InstrumentationActivityInvoker$EmptyActivity }, activity=androidx.test.core.app.InstrumentationActivityInvoker$EmptyActivity@fb1900f
06-06 12:24:36.690 17900 17900 D LifecycleMonitor: Lifecycle status change: androidx.test.core.app.InstrumentationActivityInvoker$BootstrapActivity@43a565 in: DESTROYED
06-06 12:24:36.691 17900 17900 V ActivityScenario: Activity lifecycle changed event received but ignored because the intent does not match. startActivityIntent=Intent { act=android.intent.action.MAIN cat=[android.intent.category.LAUNCHER] cmp=com.example.dogglers/.MainActivity }, activity.getIntent()=Intent { act=android.intent.action.MAIN cat=[android.intent.category.LAUNCHER] flg=0x10008000 cmp=com.example.dogglers/androidx.test.core.app.InstrumentationActivityInvoker$BootstrapActivity (has extras) }, activity=androidx.test.core.app.InstrumentationActivityInvoker$BootstrapActivity@43a565
06-06 12:24:36.701 17900 17900 D LifecycleMonitor: Lifecycle status change: androidx.test.core.app.InstrumentationActivityInvoker$EmptyActivity@7a1e0cc in: PRE_ON_CREATE
06-06 12:24:36.702 17900 17900 V ActivityScenario: Activity lifecycle changed event received but ignored because the intent does not match. startActivityIntent=Intent { act=android.intent.action.MAIN cat=[android.intent.category.LAUNCHER] cmp=com.example.dogglers/.MainActivity }, activity.getIntent()=Intent { act=android.intent.action.MAIN cat=[android.intent.category.LAUNCHER] flg=0x10000000 cmp=com.example.dogglers/androidx.test.core.app.InstrumentationActivityInvoker$EmptyActivity }, activity=androidx.test.core.app.InstrumentationActivityInvoker$EmptyActivity@7a1e0cc
06-06 12:24:36.721 17900 17900 D LifecycleMonitor: Lifecycle status change: androidx.test.core.app.InstrumentationActivityInvoker$EmptyActivity@7a1e0cc in: CREATED
06-06 12:24:36.723 17900 17900 V ActivityScenario: Activity lifecycle changed event received but ignored because the intent does not match. startActivityIntent=Intent { act=android.intent.action.MAIN cat=[android.intent.category.LAUNCHER] cmp=com.example.dogglers/.MainActivity }, activity.getIntent()=Intent { act=android.intent.action.MAIN cat=[android.intent.category.LAUNCHER] flg=0x10000000 cmp=com.example.dogglers/androidx.test.core.app.InstrumentationActivityInvoker$EmptyActivity }, activity=androidx.test.core.app.InstrumentationActivityInvoker$EmptyActivity@7a1e0cc
06-06 12:24:36.725 17900 17900 D LifecycleMonitor: Lifecycle status change: androidx.test.core.app.InstrumentationActivityInvoker$EmptyActivity@7a1e0cc in: STARTED
06-06 12:24:36.727 17900 17900 V ActivityScenario: Activity lifecycle changed event received but ignored because the intent does not match. startActivityIntent=Intent { act=android.intent.action.MAIN cat=[android.intent.category.LAUNCHER] cmp=com.example.dogglers/.MainActivity }, activity.getIntent()=Intent { act=android.intent.action.MAIN cat=[android.intent.category.LAUNCHER] flg=0x10000000 cmp=com.example.dogglers/androidx.test.core.app.InstrumentationActivityInvoker$EmptyActivity }, activity=androidx.test.core.app.InstrumentationActivityInvoker$EmptyActivity@7a1e0cc
06-06 12:24:36.729 17900 17900 D LifecycleMonitor: Lifecycle status change: androidx.test.core.app.InstrumentationActivityInvoker$EmptyActivity@7a1e0cc in: RESUMED
06-06 12:24:36.731 17900 17900 V ActivityScenario: Activity lifecycle changed event received but ignored because the intent does not match. startActivityIntent=Intent { act=android.intent.action.MAIN cat=[android.intent.category.LAUNCHER] cmp=com.example.dogglers/.MainActivity }, activity.getIntent()=Intent { act=android.intent.action.MAIN cat=[android.intent.category.LAUNCHER] flg=0x10000000 cmp=com.example.dogglers/androidx.test.core.app.InstrumentationActivityInvoker$EmptyActivity }, activity=androidx.test.core.app.InstrumentationActivityInvoker$EmptyActivity@7a1e0cc
06-06 12:24:36.748   340   441 D goldfish-address-space: claimShared: Ask to claim region [0x3ec000000 0x3ec9a4000]
06-06 12:24:36.764   340   441 D goldfish-address-space: claimShared: Ask to claim region [0x3ee1c7000 0x3eeb6b000]
06-06 12:24:36.768   340   441 D goldfish-address-space: claimShared: Ask to claim region [0x3eeb6b000 0x3ef50f000]
06-06 12:24:36.797   547   586 I ActivityTaskManager: Displayed com.example.dogglers/androidx.test.core.app.InstrumentationActivityInvoker$EmptyActivity: +174ms
06-06 12:24:36.800 17900 17900 D LifecycleMonitor: Lifecycle status change: androidx.test.core.app.InstrumentationActivityInvoker$EmptyActivity@fb1900f in: STOPPED
06-06 12:24:36.801 17900 17900 V ActivityScenario: Activity lifecycle changed event received but ignored because the intent does not match. startActivityIntent=Intent { act=android.intent.action.MAIN cat=[android.intent.category.LAUNCHER] cmp=com.example.dogglers/.MainActivity }, activity.getIntent()=Intent { act=android.intent.action.MAIN cat=[android.intent.category.LAUNCHER] flg=0x10000000 cmp=com.example.dogglers/androidx.test.core.app.InstrumentationActivityInvoker$EmptyActivity }, activity=androidx.test.core.app.InstrumentationActivityInvoker$EmptyActivity@fb1900f
06-06 12:24:36.817   340   441 D goldfish-address-space: claimShared: Ask to claim region [0x3f0c58000 0x3f1284000]
06-06 12:24:36.844  1546  1546 I GoogleInputMethodService: GoogleInputMethodService.onFinishInput():3420
06-06 12:24:36.845  1546  1546 I GoogleInputMethodService: GoogleInputMethodService.onStartInput():2002
06-06 12:24:36.848 17900 17900 D LifecycleMonitor: Lifecycle status change: androidx.test.core.app.InstrumentationActivityInvoker$EmptyActivity@fb1900f in: DESTROYED
06-06 12:24:36.849 17900 17900 V ActivityScenario: Activity lifecycle changed event received but ignored because the intent does not match. startActivityIntent=Intent { act=android.intent.action.MAIN cat=[android.intent.category.LAUNCHER] cmp=com.example.dogglers/.MainActivity }, activity.getIntent()=Intent { act=android.intent.action.MAIN cat=[android.intent.category.LAUNCHER] flg=0x10000000 cmp=com.example.dogglers/androidx.test.core.app.InstrumentationActivityInvoker$EmptyActivity }, activity=androidx.test.core.app.InstrumentationActivityInvoker$EmptyActivity@fb1900f
06-06 12:24:36.851  1546  1546 I DeviceUnlockedTag: DeviceUnlockedTag.notifyDeviceLockStatusChanged():31 Notify device unlocked.
06-06 12:24:36.855   547  2370 W InputManager-JNI: Input channel object 'e0f9d05 com.example.dogglers/androidx.test.core.app.InstrumentationActivityInvoker$EmptyActivity (client)' was disposed without first being removed with the input manager!
06-06 12:24:36.867 17900 17900 D LifecycleMonitor: Lifecycle status change: androidx.test.core.app.InstrumentationActivityInvoker$EmptyActivity@7a1e0cc in: PAUSED
06-06 12:24:36.867 17900 17900 V ActivityScenario: Activity lifecycle changed event received but ignored because the intent does not match. startActivityIntent=Intent { act=android.intent.action.MAIN cat=[android.intent.category.LAUNCHER] cmp=com.example.dogglers/.MainActivity }, activity.getIntent()=Intent { act=android.intent.action.MAIN cat=[android.intent.category.LAUNCHER] flg=0x10000000 cmp=com.example.dogglers/androidx.test.core.app.InstrumentationActivityInvoker$EmptyActivity }, activity=androidx.test.core.app.InstrumentationActivityInvoker$EmptyActivity@7a1e0cc
06-06 12:24:36.879 17900 17900 D LifecycleMonitor: Lifecycle status change: com.example.dogglers.HorizontalListActivity@33e56f1 in: RESTARTED
06-06 12:24:36.882 17900 17900 V ActivityScenario: Activity lifecycle changed event received but ignored because the intent does not match. startActivityIntent=Intent { act=android.intent.action.MAIN cat=[android.intent.category.LAUNCHER] cmp=com.example.dogglers/.MainActivity }, activity.getIntent()=Intent { cmp=com.example.dogglers/.HorizontalListActivity }, activity=com.example.dogglers.HorizontalListActivity@33e56f1
06-06 12:24:36.884 17900 17900 D LifecycleMonitor: Lifecycle status change: com.example.dogglers.HorizontalListActivity@33e56f1 in: STARTED
06-06 12:24:36.885 17900 17900 V ActivityScenario: Activity lifecycle changed event received but ignored because the intent does not match. startActivityIntent=Intent { act=android.intent.action.MAIN cat=[android.intent.category.LAUNCHER] cmp=com.example.dogglers/.MainActivity }, activity.getIntent()=Intent { cmp=com.example.dogglers/.HorizontalListActivity }, activity=com.example.dogglers.HorizontalListActivity@33e56f1
06-06 12:24:36.888 17900 17900 D LifecycleMonitor: Lifecycle status change: com.example.dogglers.HorizontalListActivity@33e56f1 in: RESUMED
06-06 12:24:36.890 17900 17900 V ActivityScenario: Activity lifecycle changed event received but ignored because the intent does not match. startActivityIntent=Intent { act=android.intent.action.MAIN cat=[android.intent.category.LAUNCHER] cmp=com.example.dogglers/.MainActivity }, activity.getIntent()=Intent { cmp=com.example.dogglers/.HorizontalListActivity }, activity=com.example.dogglers.HorizontalListActivity@33e56f1
06-06 12:24:36.903   340   441 D goldfish-address-space: claimShared: Ask to claim region [0x3ec9a4000 0x3ed348000]
06-06 12:24:36.922   340   441 D goldfish-address-space: claimShared: Ask to claim region [0x3f1284000 0x3f1c28000]
06-06 12:24:36.926   340   441 D goldfish-address-space: claimShared: Ask to claim region [0x3f1c28000 0x3f25cc000]
06-06 12:24:36.951 17900 17928 I TestRunner: finished: clicking_horizontal_list_button_displays_horizontal_list(com.example.dogglers.ButtonTests)
