06-06 12:24:50.005 17900 17928 I TestRunner: started: grid_list_content_at_last_position(com.example.dogglers.GridListTests)
06-06 12:24:50.020 17900 17928 W Settings: Setting always_finish_activities has moved from android.provider.Settings.System to android.provider.Settings.Global, returning read-only value.
06-06 12:24:50.039   843   902 D SplashScreenView: Build android.window.SplashScreenView{650086a V.E...... ......ID 0,0-0,0}
06-06 12:24:50.039   843   902 D SplashScreenView: Icon: view: null drawable: null size: 0
06-06 12:24:50.039   843   902 D SplashScreenView: Branding: view: android.view.View{ea0115b G.ED..... ......I. 0,0-0,0 #10204a6 android:id/splashscreen_branding_view} drawable: null size w: 0 h: 0
06-06 12:24:50.069 17900 17900 D LifecycleMonitor: Lifecycle status change: androidx.test.core.app.InstrumentationActivityInvoker$BootstrapActivity@ca4436e in: PRE_ON_CREATE
06-06 12:24:50.071 17900 17900 V ActivityScenario: Activity lifecycle changed event received but ignored because the intent does not match. startActivityIntent=Intent { act=android.intent.action.MAIN cat=[android.intent.category.LAUNCHER] cmp=com.example.dogglers/.GridListActivity }, activity.getIntent()=Intent { act=android.intent.action.MAIN cat=[android.intent.category.LAUNCHER] flg=0x10008000 cmp=com.example.dogglers/androidx.test.core.app.InstrumentationActivityInvoker$BootstrapActivity (has extras) }, activity=androidx.test.core.app.InstrumentationActivityInvoker$BootstrapActivity@ca4436e
06-06 12:24:50.084 17900 17900 D LifecycleMonitor: Lifecycle status change: androidx.test.core.app.InstrumentationActivityInvoker$BootstrapActivity@ca4436e in: CREATED
06-06 12:24:50.085 17900 17900 V ActivityScenario: Activity lifecycle changed event received but ignored because the intent does not match. startActivityIntent=Intent { act=android.intent.action.MAIN cat=[android.intent.category.LAUNCHER] cmp=com.example.dogglers/.GridListActivity }, activity.getIntent()=Intent { act=android.intent.action.MAIN cat=[android.intent.category.LAUNCHER] flg=0x10008000 cmp=com.example.dogglers/androidx.test.core.app.InstrumentationActivityInvoker$BootstrapActivity (has extras) }, activity=androidx.test.core.app.InstrumentationActivityInvoker$BootstrapActivity@ca4436e
06-06 12:24:50.086   340   441 D goldfish-address-space: claimShared: Ask to claim region [0x3ef197000 0x3efb3b000]
06-06 12:24:50.100   340   441 D goldfish-address-space: claimShared: Ask to claim region [0x3f1348000 0x3f1cec000]
06-06 12:24:50.104 17900 17900 D LifecycleMonitor: Lifecycle status change: androidx.test.core.app.InstrumentationActivityInvoker$BootstrapActivity@ca4436e in: STARTED
06-06 12:24:50.112 17900 17900 V ActivityScenario: Activity lifecycle changed event received but ignored because the intent does not match. startActivityIntent=Intent { act=android.intent.action.MAIN cat=[android.intent.category.LAUNCHER] cmp=com.example.dogglers/.GridListActivity }, activity.getIntent()=Intent { act=android.intent.action.MAIN cat=[android.intent.category.LAUNCHER] flg=0x10008000 cmp=com.example.dogglers/androidx.test.core.app.InstrumentationActivityInvoker$BootstrapActivity (has extras) }, activity=androidx.test.core.app.InstrumentationActivityInvoker$BootstrapActivity@ca4436e
06-06 12:24:50.119 17900 17900 D LifecycleMonitor: Lifecycle status change: androidx.test.core.app.InstrumentationActivityInvoker$BootstrapActivity@ca4436e in: RESUMED
06-06 12:24:50.119 17900 17900 V ActivityScenario: Activity lifecycle changed event received but ignored because the intent does not match. startActivityIntent=Intent { act=android.intent.action.MAIN cat=[android.intent.category.LAUNCHER] cmp=com.example.dogglers/.GridListActivity }, activity.getIntent()=Intent { act=android.intent.action.MAIN cat=[android.intent.category.LAUNCHER] flg=0x10008000 cmp=com.example.dogglers/androidx.test.core.app.InstrumentationActivityInvoker$BootstrapActivity (has extras) }, activity=androidx.test.core.app.InstrumentationActivityInvoker$BootstrapActivity@ca4436e
06-06 12:24:50.128   340   441 D goldfish-address-space: claimShared: Ask to claim region [0x3f1cec000 0x3f2690000]
06-06 12:24:50.131 17900 17900 D LifecycleMonitor: Lifecycle status change: androidx.test.core.app.InstrumentationActivityInvoker$BootstrapActivity@ca4436e in: PAUSED
06-06 12:24:50.131 17900 17900 V ActivityScenario: Activity lifecycle changed event received but ignored because the intent does not match. startActivityIntent=Intent { act=android.intent.action.MAIN cat=[android.intent.category.LAUNCHER] cmp=com.example.dogglers/.GridListActivity }, activity.getIntent()=Intent { act=android.intent.action.MAIN cat=[android.intent.category.LAUNCHER] flg=0x10008000 cmp=com.example.dogglers/androidx.test.core.app.InstrumentationActivityInvoker$BootstrapActivity (has extras) }, activity=androidx.test.core.app.InstrumentationActivityInvoker$BootstrapActivity@ca4436e
06-06 12:24:50.148 17900 17900 D LifecycleMonitor: Lifecycle status change: com.example.dogglers.GridListActivity@d571488 in: PRE_ON_CREATE
06-06 12:24:50.149 17900 17900 V ActivityScenario: Activity lifecycle changed event received but ignored because the reported transition was not ON_CREATE while the last known transition was PRE_ON_CREATE
06-06 12:24:50.155  2386  2386 I GsaVoiceInteractionSrv: Handling ACTION_STOP_HOTWORD
06-06 12:24:50.163  2386  2386 E HwDetectorWithState: a: 3
06-06 12:24:50.168 17900 17900 D LifecycleMonitor: Lifecycle status change: com.example.dogglers.GridListActivity@d571488 in: CREATED
06-06 12:24:50.168 17900 17900 V ActivityScenario: Update currentActivityStage to CREATED, currentActivity=com.example.dogglers.GridListActivity@d571488
06-06 12:24:50.170 17900 17900 D LifecycleMonitor: Lifecycle status change: com.example.dogglers.GridListActivity@d571488 in: STARTED
06-06 12:24:50.170 17900 17900 V ActivityScenario: Update currentActivityStage to STARTED, currentActivity=com.example.dogglers.GridListActivity@d571488
06-06 12:24:50.171 17900 17900 D LifecycleMonitor: Lifecycle status change: com.example.dogglers.GridListActivity@d571488 in: RESUMED
06-06 12:24:50.171 17900 17900 V ActivityScenario: Update currentActivityStage to RESUMED, currentActivity=com.example.dogglers.GridListActivity@d571488
06-06 12:24:50.212   340   441 D goldfish-address-space: claimShared: Ask to claim region [0x3f2690000 0x3f3034000]
06-06 12:24:50.215   340   441 D goldfish-address-space: claimShared: Ask to claim region [0x3f6ccf000 0x3f7673000]
06-06 12:24:50.218   340   441 D goldfish-address-space: claimShared: Ask to claim region [0x3f4000000 0x3f49a4000]
06-06 12:24:50.282   547   586 I ActivityTaskManager: Displayed com.example.dogglers/.GridListActivity: +248ms
06-06 12:24:50.284 17900 17900 D RootViewPicker: Root not ready - waiting: 10ms for one to appear.
06-06 12:24:50.303  1546  1546 I GoogleInputMethodService: GoogleInputMethodService.onFinishInput():3420
06-06 12:24:50.316  1546  1546 I GoogleInputMethodService: GoogleInputMethodService.onStartInput():2002
06-06 12:24:50.317  1546  1546 I DeviceUnlockedTag: DeviceUnlockedTag.notifyDeviceLockStatusChanged():31 Notify device unlocked.
06-06 12:24:50.336 17900 17900 I ViewInteraction: Performing 'scroll RecyclerView to position: 6' action on view view.getId() is <2131230933/com.example.dogglers:id/grid_recycler_view>
06-06 12:24:50.394 17900 17900 I ViewInteraction: Checking 'MatchesViewAssertion{viewMatcher=(view has effective visibility <VISIBLE> and view.getGlobalVisibleRect() to return non-empty rectangle)}' assertion on view an instance of android.widget.TextView and view.getText() with or without transformation to match: is "Bella"
06-06 12:24:50.395 17900 17900 E ViewAssertions: '(view has effective visibility <VISIBLE> and view.getGlobalVisibleRect() to return non-empty rectangle)' check could not be performed because view 'an instance of android.widget.TextView and view.getText() with or without transformation to match: is "Bella"' was not found.
06-06 12:24:50.455 17900 17900 D LifecycleMonitor: Lifecycle status change: com.example.dogglers.GridListActivity@d571488 in: PAUSED
06-06 12:24:50.456 17900 17900 V ActivityScenario: Update currentActivityStage to PAUSED, currentActivity=com.example.dogglers.GridListActivity@d571488
06-06 12:24:50.482 17900 17900 D LifecycleMonitor: Lifecycle status change: androidx.test.core.app.InstrumentationActivityInvoker$EmptyActivity@4cf3858 in: PRE_ON_CREATE
06-06 12:24:50.482 17900 17900 V ActivityScenario: Activity lifecycle changed event received but ignored because the intent does not match. startActivityIntent=Intent { act=android.intent.action.MAIN cat=[android.intent.category.LAUNCHER] cmp=com.example.dogglers/.GridListActivity }, activity.getIntent()=Intent { act=android.intent.action.MAIN cat=[android.intent.category.LAUNCHER] flg=0x10000000 cmp=com.example.dogglers/androidx.test.core.app.InstrumentationActivityInvoker$EmptyActivity }, activity=androidx.test.core.app.InstrumentationActivityInvoker$EmptyActivity@4cf3858
06-06 12:24:50.497 17900 17900 D LifecycleMonitor: Lifecycle status change: androidx.test.core.app.InstrumentationActivityInvoker$EmptyActivity@4cf3858 in: CREATED
06-06 12:24:50.497 17900 17900 V ActivityScenario: Activity lifecycle changed event received but ignored because the intent does not match. startActivityIntent=Intent { act=android.intent.action.MAIN cat=[android.intent.category.LAUNCHER] cmp=com.example.dogglers/.GridListActivity }, activity.getIntent()=Intent { act=android.intent.action.MAIN cat=[android.intent.category.LAUNCHER] flg=0x10000000 cmp=com.example.dogglers/androidx.test.core.app.InstrumentationActivityInvoker$EmptyActivity }, activity=androidx.test.core.app.InstrumentationActivityInvoker$EmptyActivity@4cf3858
06-06 12:24:50.513 17900 17900 D LifecycleMonitor: Lifecycle status change: androidx.test.core.app.InstrumentationActivityInvoker$EmptyActivity@4cf3858 in: STARTED
06-06 12:24:50.513 17900 17900 V ActivityScenario: Activity lifecycle changed event received but ignored because the intent does not match. startActivityIntent=Intent { act=android.intent.action.MAIN cat=[android.intent.category.LAUNCHER] cmp=com.example.dogglers/.GridListActivity }, activity.getIntent()=Intent { act=android.intent.action.MAIN cat=[android.intent.category.LAUNCHER] flg=0x10000000 cmp=com.example.dogglers/androidx.test.core.app.InstrumentationActivityInvoker$EmptyActivity }, activity=androidx.test.core.app.InstrumentationActivityInvoker$EmptyActivity@4cf3858
06-06 12:24:50.517 17900 17907 I xample.doggler: Background young concurrent copying GC freed 65627(3876KB) AllocSpace objects, 49(2124KB) LOS objects, 37% free, 10187KB/15MB, paused 510us,57us total 121.793ms
06-06 12:24:50.518 17900 17900 D LifecycleMonitor: Lifecycle status change: androidx.test.core.app.InstrumentationActivityInvoker$EmptyActivity@4cf3858 in: RESUMED
06-06 12:24:50.518 17900 17900 V ActivityScenario: Activity lifecycle changed event received but ignored because the intent does not match. startActivityIntent=Intent { act=android.intent.action.MAIN cat=[android.intent.category.LAUNCHER] cmp=com.example.dogglers/.GridListActivity }, activity.getIntent()=Intent { act=android.intent.action.MAIN cat=[android.intent.category.LAUNCHER] flg=0x10000000 cmp=com.example.dogglers/androidx.test.core.app.InstrumentationActivityInvoker$EmptyActivity }, activity=androidx.test.core.app.InstrumentationActivityInvoker$EmptyActivity@4cf3858
06-06 12:24:50.527 17900 17900 D LifecycleMonitor: Lifecycle status change: androidx.test.core.app.InstrumentationActivityInvoker$BootstrapActivity@ca4436e in: STOPPED
06-06 12:24:50.528 17900 17900 V ActivityScenario: Activity lifecycle changed event received but ignored because the intent does not match. startActivityIntent=Intent { act=android.intent.action.MAIN cat=[android.intent.category.LAUNCHER] cmp=com.example.dogglers/.GridListActivity }, activity.getIntent()=Intent { act=android.intent.action.MAIN cat=[android.intent.category.LAUNCHER] flg=0x10008000 cmp=com.example.dogglers/androidx.test.core.app.InstrumentationActivityInvoker$BootstrapActivity (has extras) }, activity=androidx.test.core.app.InstrumentationActivityInvoker$BootstrapActivity@ca4436e
06-06 12:24:50.553   340   441 D goldfish-address-space: claimShared: Ask to claim region [0x3ee7f3000 0x3ef197000]
06-06 12:24:50.562   340   441 D goldfish-address-space: claimShared: Ask to claim region [0x3ec000000 0x3ec9a4000]
06-06 12:24:50.564   340  6904 D goldfish-address-space: claimShared: Ask to claim region [0x3ec9a4000 0x3ed348000]
06-06 12:24:50.584   547   590 W InputManager-JNI: Input channel object '6f7cd0f Splash Screen com.example.dogglers (client)' was disposed without first being removed with the input manager!
06-06 12:24:50.586   547   586 I ActivityTaskManager: Displayed com.example.dogglers/androidx.test.core.app.InstrumentationActivityInvoker$EmptyActivity: +177ms
06-06 12:24:50.617  1546  1546 I GoogleInputMethodService: GoogleInputMethodService.onFinishInput():3420
06-06 12:24:50.618  1546  1546 I GoogleInputMethodService: GoogleInputMethodService.onStartInput():2002
06-06 12:24:50.619  1546  1546 I DeviceUnlockedTag: DeviceUnlockedTag.notifyDeviceLockStatusChanged():31 Notify device unlocked.
06-06 12:24:50.623 17900 17900 D LifecycleMonitor: Lifecycle status change: com.example.dogglers.GridListActivity@d571488 in: STOPPED
06-06 12:24:50.623 17900 17900 V ActivityScenario: Update currentActivityStage to STOPPED, currentActivity=com.example.dogglers.GridListActivity@d571488
06-06 12:24:50.626 17900 17900 D LifecycleMonitor: Lifecycle status change: com.example.dogglers.GridListActivity@d571488 in: DESTROYED
06-06 12:24:50.626 17900 17900 V ActivityScenario: Update currentActivityStage to DESTROYED, currentActivity=null
06-06 12:24:50.630   547  1420 W InputManager-JNI: Input channel object '30e1c91 com.example.dogglers/com.example.dogglers.GridListActivity (client)' was disposed without first being removed with the input manager!
06-06 12:24:50.636 17900 17900 D LifecycleMonitor: Lifecycle status change: androidx.test.core.app.InstrumentationActivityInvoker$EmptyActivity@4cf3858 in: PAUSED
06-06 12:24:50.637 17900 17900 V ActivityScenario: Activity lifecycle changed event received but ignored because the intent does not match. startActivityIntent=Intent { act=android.intent.action.MAIN cat=[android.intent.category.LAUNCHER] cmp=com.example.dogglers/.GridListActivity }, activity.getIntent()=Intent { act=android.intent.action.MAIN cat=[android.intent.category.LAUNCHER] flg=0x10000000 cmp=com.example.dogglers/androidx.test.core.app.InstrumentationActivityInvoker$EmptyActivity }, activity=androidx.test.core.app.InstrumentationActivityInvoker$EmptyActivity@4cf3858
06-06 12:24:50.648 17900 17900 D LifecycleMonitor: Lifecycle status change: androidx.test.core.app.InstrumentationActivityInvoker$BootstrapActivity@ca4436e in: DESTROYED
06-06 12:24:50.650 17900 17900 V ActivityScenario: Activity lifecycle changed event received but ignored because the intent does not match. startActivityIntent=Intent { act=android.intent.action.MAIN cat=[android.intent.category.LAUNCHER] cmp=com.example.dogglers/.GridListActivity }, activity.getIntent()=Intent { act=android.intent.action.MAIN cat=[android.intent.category.LAUNCHER] flg=0x10008000 cmp=com.example.dogglers/androidx.test.core.app.InstrumentationActivityInvoker$BootstrapActivity (has extras) }, activity=androidx.test.core.app.InstrumentationActivityInvoker$BootstrapActivity@ca4436e
06-06 12:24:50.654 17900 17900 D LifecycleMonitor: Lifecycle status change: androidx.test.core.app.InstrumentationActivityInvoker$EmptyActivity@c0fee6e in: PRE_ON_CREATE
06-06 12:24:50.661 17900 17900 V ActivityScenario: Activity lifecycle changed event received but ignored because the intent does not match. startActivityIntent=Intent { act=android.intent.action.MAIN cat=[android.intent.category.LAUNCHER] cmp=com.example.dogglers/.GridListActivity }, activity.getIntent()=Intent { act=android.intent.action.MAIN cat=[android.intent.category.LAUNCHER] flg=0x10000000 cmp=com.example.dogglers/androidx.test.core.app.InstrumentationActivityInvoker$EmptyActivity }, activity=androidx.test.core.app.InstrumentationActivityInvoker$EmptyActivity@c0fee6e
06-06 12:24:50.665 17900 17900 D LifecycleMonitor: Lifecycle status change: androidx.test.core.app.InstrumentationActivityInvoker$EmptyActivity@c0fee6e in: CREATED
06-06 12:24:50.666 17900 17900 V ActivityScenario: Activity lifecycle changed event received but ignored because the intent does not match. startActivityIntent=Intent { act=android.intent.action.MAIN cat=[android.intent.category.LAUNCHER] cmp=com.example.dogglers/.GridListActivity }, activity.getIntent()=Intent { act=android.intent.action.MAIN cat=[android.intent.category.LAUNCHER] flg=0x10000000 cmp=com.example.dogglers/androidx.test.core.app.InstrumentationActivityInvoker$EmptyActivity }, activity=androidx.test.core.app.InstrumentationActivityInvoker$EmptyActivity@c0fee6e
06-06 12:24:50.668 17900 17900 D LifecycleMonitor: Lifecycle status change: androidx.test.core.app.InstrumentationActivityInvoker$EmptyActivity@c0fee6e in: STARTED
06-06 12:24:50.669 17900 17900 V ActivityScenario: Activity lifecycle changed event received but ignored because the intent does not match. startActivityIntent=Intent { act=android.intent.action.MAIN cat=[android.intent.category.LAUNCHER] cmp=com.example.dogglers/.GridListActivity }, activity.getIntent()=Intent { act=android.intent.action.MAIN cat=[android.intent.category.LAUNCHER] flg=0x10000000 cmp=com.example.dogglers/androidx.test.core.app.InstrumentationActivityInvoker$EmptyActivity }, activity=androidx.test.core.app.InstrumentationActivityInvoker$EmptyActivity@c0fee6e
06-06 12:24:50.671 17900 17900 D LifecycleMonitor: Lifecycle status change: androidx.test.core.app.InstrumentationActivityInvoker$EmptyActivity@c0fee6e in: RESUMED
06-06 12:24:50.671 17900 17900 V ActivityScenario: Activity lifecycle changed event received but ignored because the intent does not match. startActivityIntent=Intent { act=android.intent.action.MAIN cat=[android.intent.category.LAUNCHER] cmp=com.example.dogglers/.GridListActivity }, activity.getIntent()=Intent { act=android.intent.action.MAIN cat=[android.intent.category.LAUNCHER] flg=0x10000000 cmp=com.example.dogglers/androidx.test.core.app.InstrumentationActivityInvoker$EmptyActivity }, activity=androidx.test.core.app.InstrumentationActivityInvoker$EmptyActivity@c0fee6e
06-06 12:24:50.682   340  6904 D goldfish-address-space: claimShared: Ask to claim region [0x3ed348000 0x3edcec000]
06-06 12:24:50.686   340  6904 D goldfish-address-space: claimShared: Ask to claim region [0x3ef197000 0x3efb3b000]
06-06 12:24:50.689   340  6904 D goldfish-address-space: claimShared: Ask to claim region [0x3f0000000 0x3f09a4000]
06-06 12:24:50.710   547   586 I ActivityTaskManager: Displayed com.example.dogglers/androidx.test.core.app.InstrumentationActivityInvoker$EmptyActivity: +100ms
06-06 12:24:50.717 17900 17900 D LifecycleMonitor: Lifecycle status change: androidx.test.core.app.InstrumentationActivityInvoker$EmptyActivity@4cf3858 in: STOPPED
06-06 12:24:50.717 17900 17900 V ActivityScenario: Activity lifecycle changed event received but ignored because the intent does not match. startActivityIntent=Intent { act=android.intent.action.MAIN cat=[android.intent.category.LAUNCHER] cmp=com.example.dogglers/.GridListActivity }, activity.getIntent()=Intent { act=android.intent.action.MAIN cat=[android.intent.category.LAUNCHER] flg=0x10000000 cmp=com.example.dogglers/androidx.test.core.app.InstrumentationActivityInvoker$EmptyActivity }, activity=androidx.test.core.app.InstrumentationActivityInvoker$EmptyActivity@4cf3858
06-06 12:24:50.731   340  6904 D goldfish-address-space: claimShared: Ask to claim region [0x3ec000000 0x3ec62c000]
06-06 12:24:50.765 17900 17900 D LifecycleMonitor: Lifecycle status change: androidx.test.core.app.InstrumentationActivityInvoker$EmptyActivity@4cf3858 in: DESTROYED
06-06 12:24:50.765 17900 17900 V ActivityScenario: Activity lifecycle changed event received but ignored because the intent does not match. startActivityIntent=Intent { act=android.intent.action.MAIN cat=[android.intent.category.LAUNCHER] cmp=com.example.dogglers/.GridListActivity }, activity.getIntent()=Intent { act=android.intent.action.MAIN cat=[android.intent.category.LAUNCHER] flg=0x10000000 cmp=com.example.dogglers/androidx.test.core.app.InstrumentationActivityInvoker$EmptyActivity }, activity=androidx.test.core.app.InstrumentationActivityInvoker$EmptyActivity@4cf3858
06-06 12:24:50.767   547   655 W InputManager-JNI: Input channel object 'd9456c4 com.example.dogglers/androidx.test.core.app.InstrumentationActivityInvoker$EmptyActivity (client)' was disposed without first being removed with the input manager!
06-06 12:24:50.773 17900 17900 D LifecycleMonitor: Lifecycle status change: androidx.test.core.app.InstrumentationActivityInvoker$EmptyActivity@c0fee6e in: PAUSED
06-06 12:24:50.773 17900 17900 V ActivityScenario: Activity lifecycle changed event received but ignored because the intent does not match. startActivityIntent=Intent { act=android.intent.action.MAIN cat=[android.intent.category.LAUNCHER] cmp=com.example.dogglers/.GridListActivity }, activity.getIntent()=Intent { act=android.intent.action.MAIN cat=[android.intent.category.LAUNCHER] flg=0x10000000 cmp=com.example.dogglers/androidx.test.core.app.InstrumentationActivityInvoker$EmptyActivity }, activity=androidx.test.core.app.InstrumentationActivityInvoker$EmptyActivity@c0fee6e
06-06 12:24:50.782 17900 17928 E TestRunner: failed: grid_list_content_at_last_position(com.example.dogglers.GridListTests)
06-06 12:24:50.782 17900 17928 E TestRunner: ----- begin exception -----
06-06 12:24:50.784 17900 17928 E TestRunner: androidx.test.espresso.NoMatchingViewException: No views in hierarchy found matching: an instance of android.widget.TextView and view.getText() with or without transformation to match: is "Bella"
06-06 12:24:50.784 17900 17928 E TestRunner:
06-06 12:24:50.784 17900 17928 E TestRunner: View Hierarchy:
06-06 12:24:50.784 17900 17928 E TestRunner: +>DecorView{id=-1, visibility=VISIBLE, width=1080, height=2340, has-focus=false, has-focusable=true, has-window-focus=true, is-clickable=false, is-enabled=true, is-focused=false, is-focusable=false, is-layout-requested=false, is-selected=false, layout-params={(0,0)(fillxfill) ty=BASE_APPLICATION wanim=0x10302fe
06-06 12:24:50.784 17900 17928 E TestRunner:   fl=LAYOUT_IN_SCREEN LAYOUT_INSET_DECOR SPLIT_TOUCH HARDWARE_ACCELERATED DRAWS_SYSTEM_BAR_BACKGROUNDS
06-06 12:24:50.784 17900 17928 E TestRunner:   pfl=NO_MOVE_ANIMATION FORCE_DRAW_STATUS_BAR_BACKGROUND FIT_INSETS_CONTROLLED
06-06 12:24:50.784 17900 17928 E TestRunner:   bhv=DEFAULT
06-06 12:24:50.784 17900 17928 E TestRunner:   fitSides=}, tag=null, root-is-layout-requested=false, has-input-connection=false, x=0.0, y=0.0, child-count=3}
06-06 12:24:50.784 17900 17928 E TestRunner: |
06-06 12:24:50.784 17900 17928 E TestRunner: +->LinearLayout{id=-1, visibility=VISIBLE, width=1080, height=2208, has-focus=false, has-focusable=true, has-window-focus=true, is-clickable=false, is-enabled=true, is-focused=false, is-focusable=false, is-layout-requested=false, is-selected=false, layout-params=android.widget.FrameLayout$LayoutParams@fb12913, tag=null, root-is-layout-requested=false, has-input-connection=false, x=0.0, y=0.0, child-count=2}
06-06 12:24:50.784 17900 17928 E TestRunner: |
06-06 12:24:50.784 17900 17928 E TestRunner: +-->ViewStub{id=16908720, res-name=action_mode_bar_stub, visibility=GONE, width=0, height=0, has-focus=false, has-focusable=false, has-window-focus=true, is-clickable=false, is-enabled=true, is-focused=false, is-focusable=false, is-layout-requested=true, is-selected=false, layout-params=android.widget.LinearLayout$LayoutParams@a47750, tag=null, root-is-layout-requested=false, has-input-connection=false, x=0.0, y=0.0}
06-06 12:24:50.784 17900 17928 E TestRunner: |
06-06 12:24:50.784 17900 17928 E TestRunner: +-->FrameLayout{id=-1, visibility=VISIBLE, width=1080, height=2063, has-focus=false, has-focusable=true, has-window-focus=true, is-clickable=false, is-enabled=true, is-focused=false, is-focusable=false, is-layout-requested=false, is-selected=false, layout-params=android.widget.LinearLayout$LayoutParams@7b7264e, tag=null, root-is-layout-requested=false, has-input-connection=false, x=0.0, y=145.0, child-count=1}
06-06 12:24:50.784 17900 17928 E TestRunner: |
06-06 12:24:50.784 17900 17928 E TestRunner: +--->ActionBarOverlayLayout{id=2131230866, res-name=decor_content_parent, visibility=VISIBLE, width=1080, height=2063, has-focus=false, has-focusable=true, has-window-focus=true, is-clickable=false, is-enabled=true, is-focused=false, is-focusable=false, is-layout-requested=false, is-selected=false, layout-params=android.widget.FrameLayout$LayoutParams@fb98505, tag=null, root-is-layout-requested=false, has-input-connection=false, x=0.0, y=0.0, child-count=2}
06-06 12:24:50.784 17900 17928 E TestRunner: |
06-06 12:24:50.784 17900 17928 E TestRunner: +---->ContentFrameLayout{id=16908290, res-name=content, visibility=VISIBLE, width=1080, height=1909, has-focus=false, has-focusable=true, has-window-focus=true, is-clickable=false, is-enabled=true, is-focused=false, is-focusable=false, is-layout-requested=false, is-selected=false, layout-params=androidx.appcompat.widget.ActionBarOverlayLayout$LayoutParams@822a78b, tag=null, root-is-layout-requested=false, has-input-connection=false, x=0.0, y=154.0, child-count=1}
06-06 12:24:50.784 17900 17928 E TestRunner: |
06-06 12:24:50.784 17900 17928 E TestRunner: +----->FrameLayout{id=-1, visibility=VISIBLE, width=1080, height=1909, has-focus=false, has-focusable=true, has-window-focus=true, is-clickable=false, is-enabled=true, is-focused=false, is-focusable=false, is-layout-requested=false, is-selected=false, layout-params=android.widget.FrameLayout$LayoutParams@ed26c81, tag=null, root-is-layout-requested=false, has-input-connection=false, x=0.0, y=0.0, child-count=1}
06-06 12:24:50.784 17900 17928 E TestRunner: |
06-06 12:24:50.784 17900 17928 E TestRunner: +------>RecyclerView{id=2131230933, res-name=grid_recycler_view, visibility=VISIBLE, width=1080, height=1909, has-focus=false, has-focusable=true, has-window-focus=true, is-clickable=false, is-enabled=true, is-focused=false, is-focusable=true, is-layout-requested=false, is-selected=false, layout-params=android.widget.FrameLayout$LayoutParams@1867d03, tag=null, root-is-layout-requested=false, has-input-connection=false, x=0.0, y=0.0, child-count=5}
06-06 12:24:50.784 17900 17928 E TestRunner: |
06-06 12:24:50.786 17900 17928 E TestRunner: +------->MaterialCardView{id=-1, visibility=VISIBLE, width=496, height=910, has-focus=false, has-focusable=false, has-window-focus=true, is-clickable=false, is-enabled=true, is-focused=false, is-focusable=false, is-layout-requested=false, is-selected=false, layout-params=androidx.recyclerview.widget.GridLayoutManager$LayoutParams@d1f2ab9, tag=null, root-is-layout-requested=false, has-input-connection=false, x=22.0, y=-931.0, is-checked=false, child-count=1}
06-06 12:24:50.786 17900 17928 E TestRunner: |
06-06 12:24:50.786 17900 17928 E TestRunner: +-------->ConstraintLayout{id=-1, visibility=VISIBLE, width=496, height=910, has-focus=false, has-focusable=false, has-window-focus=true, is-clickable=false, is-enabled=true, is-focused=false, is-focusable=false, is-layout-requested=false, is-selected=false, layout-params=android.widget.FrameLayout$LayoutParams@374cd0a, tag=null, root-is-layout-requested=false, has-input-connection=false, x=0.0, y=0.0, child-count=4}
06-06 12:24:50.786 17900 17928 E TestRunner: |
06-06 12:24:50.786 17900 17928 E TestRunner: +--------->AppCompatImageView{id=2131230952, res-name=image_view, visibility=VISIBLE, width=496, height=534, has-focus=false, has-focusable=false, has-window-focus=true, is-clickable=false, is-enabled=true, is-focused=false, is-focusable=false, is-layout-requested=false, is-selected=false, layout-params=androidx.constraintlayout.widget.ConstraintLayout$LayoutParams@ef0897b, tag=null, root-is-layout-requested=false, has-input-connection=false, x=0.0, y=0.0}
06-06 12:24:50.786 17900 17928 E TestRunner: |
06-06 12:24:50.786 17900 17928 E TestRunner: +--------->MaterialTextView{id=2131231194, res-name=tv_name, visibility=VISIBLE, width=139, height=74, has-focus=false, has-focusable=false, has-window-focus=true, is-clickable=false, is-enabled=true, is-focused=false, is-focusable=false, is-layout-requested=false, is-selected=false, layout-params=androidx.constraintlayout.widget.ConstraintLayout$LayoutParams@6703398, tag=null, root-is-layout-requested=false, has-input-connection=false, x=22.0, y=556.0, text=Snow, input-type=0, ime-target=false, has-links=false}
06-06 12:24:50.786 17900 17928 E TestRunner: |
06-06 12:24:50.786 17900 17928 E TestRunner: +--------->MaterialTextView{id=2131231192, res-name=tv_age, visibility=VISIBLE, width=133, height=59, has-focus=false, has-focusable=false, has-window-focus=true, is-clickable=false, is-enabled=true, is-focused=false, is-focusable=false, is-layout-requested=false, is-selected=false, layout-params=androidx.constraintlayout.widget.ConstraintLayout$LayoutParams@d0e77f1, tag=null, root-is-layout-requested=false, has-input-connection=false, x=22.0, y=674.0, text=Age: 2, input-type=0, ime-target=false, has-links=false}
06-06 12:24:50.786 17900 17928 E TestRunner: |
06-06 12:24:50.786 17900 17928 E TestRunner: +--------->MaterialTextView{id=2131231193, res-name=tv_hobbies, visibility=VISIBLE, width=452, height=111, has-focus=false, has-focusable=false, has-window-focus=true, is-clickable=false, is-enabled=true, is-focused=false, is-focusable=false, is-layout-requested=false, is-selected=false, layout-params=androidx.constraintlayout.widget.ConstraintLayout$LayoutParams@d1aafd6, tag=null, root-is-layout-requested=false, has-input-connection=false, x=22.0, y=777.0, text=Hobbies: Playing in the snow, input-type=0, ime-target=false, has-links=false}
06-06 12:24:50.786 17900 17928 E TestRunner: |
06-06 12:24:50.786 17900 17928 E TestRunner: +------->MaterialCardView{id=-1, visibility=VISIBLE, width=496, height=910, has-focus=false, has-focusable=false, has-window-focus=true, is-clickable=false, is-enabled=true, is-focused=false, is-focusable=false, is-layout-requested=false, is-selected=false, layout-params=androidx.recyclerview.widget.GridLayoutManager$LayoutParams@300f144, tag=null, root-is-layout-requested=false, has-input-connection=false, x=562.0, y=-931.0, is-checked=false, child-count=1}
06-06 12:24:50.786 17900 17928 E TestRunner: |
06-06 12:24:50.786 17900 17928 E TestRunner: +-------->ConstraintLayout{id=-1, visibility=VISIBLE, width=496, height=858, has-focus=false, has-focusable=false, has-window-focus=true, is-clickable=false, is-enabled=true, is-focused=false, is-focusable=false, is-layout-requested=false, is-selected=false, layout-params=android.widget.FrameLayout$LayoutParams@833429, tag=null, root-is-layout-requested=false, has-input-connection=false, x=0.0, y=0.0, child-count=4}
06-06 12:24:50.786 17900 17928 E TestRunner: |
06-06 12:24:50.786 17900 17928 E TestRunner: +--------->AppCompatImageView{id=2131230952, res-name=image_view, visibility=VISIBLE, width=496, height=534, has-focus=false, has-focusable=false, has-window-focus=true, is-clickable=false, is-enabled=true, is-focused=false, is-focusable=false, is-layout-requested=false, is-selected=false, layout-params=androidx.constraintlayout.widget.ConstraintLayout$LayoutParams@277e3ae, tag=null, root-is-layout-requested=false, has-input-connection=false, x=0.0, y=0.0}
06-06 12:24:50.786 17900 17928 E TestRunner: |
06-06 12:24:50.786 17900 17928 E TestRunner: +--------->MaterialTextView{id=2131231194, res-name=tv_name, visibility=VISIBLE, width=122, height=74, has-focus=false, has-focusable=false, has-window-focus=true, is-clickable=false, is-enabled=true, is-focused=false, is-focusable=false, is-layout-requested=false, is-selected=false, layout-params=androidx.constraintlayout.widget.ConstraintLayout$LayoutParams@aff254f, tag=null, root-is-layout-requested=false, has-input-connection=false, x=22.0, y=556.0, text=Jake, input-type=0, ime-target=false, has-links=false}
06-06 12:24:50.786 17900 17928 E TestRunner: |
06-06 12:24:50.786 17900 17928 E TestRunner: +--------->MaterialTextView{id=2131231192, res-name=tv_age, visibility=VISIBLE, width=133, height=59, has-focus=false, has-focusable=false, has-window-focus=true, is-clickable=false, is-enabled=true, is-focused=false, is-focusable=false, is-layout-requested=false, is-selected=false, layout-params=androidx.constraintlayout.widget.ConstraintLayout$LayoutParams@61b24dc, tag=null, root-is-layout-requested=false, has-input-connection=false, x=22.0, y=674.0, text=Age: 1, input-type=0, ime-target=false, has-links=false}
06-06 12:24:50.786 17900 17928 E TestRunner: |
06-06 12:24:50.786 17900 17928 E TestRunner: +--------->MaterialTextView{id=2131231193, res-name=tv_hobbies, visibility=VISIBLE, width=452, height=59, has-focus=false, has-focusable=false, has-window-focus=true, is-clickable=false, is-enabled=true, is-focused=false, is-focusable=false, is-layout-requested=false, is-selected=false, layout-params=androidx.constraintlayout.widget.ConstraintLayout$LayoutParams@cf1e9e5, tag=null, root-is-layout-requested=false, has-input-connection=false, x=22.0, y=777.0, text=Hobbies: Surfing, input-type=0, ime-target=false, has-links=false}
06-06 12:24:50.786 17900 17928 E TestRunner: |
06-06 12:24:50.786 17900 17928 E TestRunner: +------->MaterialCardView{id=-1, visibility=VISIBLE, width=496, height=910, has-focus=false, has-focusable=false, has-window-focus=true, is-clickable=false, is-enabled=true, is-focused=false, is-focusable=false, is-layout-requested=false, is-selected=false, layout-params=androidx.recyclerview.widget.GridLayoutManager$LayoutParams@6b2c76b, tag=null, root-is-layout-requested=false, has-input-connection=false, x=22.0, y=23.0, is-checked=false, child-count=1}
06-06 12:24:50.786 17900 17928 E TestRunner: |
06-06 12:24:50.786 17900 17928 E TestRunner: +-------->ConstraintLayout{id=-1, visibility=VISIBLE, width=496, height=910, has-focus=false, has-focusable=false, has-window-focus=true, is-clickable=false, is-enabled=true, is-focused=false, is-focusable=false, is-layout-requested=false, is-selected=false, layout-params=android.widget.FrameLayout$LayoutParams@1a53374, tag=null, root-is-layout-requested=false, has-input-connection=false, x=0.0, y=0.0, child-count=4}
06-06 12:24:50.786 17900 17928 E TestRunner: |
06-06 12:24:50.786 17900 17928 E TestRunner: +--------->AppCompatImageView{id=2131230952, res-name=image_view, visibility=VISIBLE, width=496, height=534, has-focus=false, has-focusable=false, has-window-focus=true, is-clickable=false, is-enabled=true, is-focused=false, is-focusable=false, is-layout-requested=false, is-selected=false, layout-params=androidx.constraintlayout.widget.ConstraintLayout$LayoutParams@8bc709d, tag=null, root-is-layout-requested=false, has-input-connection=false, x=0.0, y=0.0}
06-06 12:24:50.786 17900 17928 E TestRunner: |
06-06 12:24:50.786 17900 17928 E TestRunner: +--------->MaterialTextView{id=2131231194, res-name=tv_name, visibility=VISIBLE, width=120, height=74, has-focus=false, has-focusable=false, has-window-focus=true, is-clickable=false, is-enabled=true, is-focused=false, is-focusable=false, is-layout-requested=false, is-selected=false, layout-params=androidx.constraintlayout.widget.ConstraintLayout$LayoutParams@8f9f912, tag=null, root-is-layout-requested=false, has-input-connection=false, x=22.0, y=556.0, text=Oreo, input-type=0, ime-target=false, has-links=false}
06-06 12:24:50.786 17900 17928 E TestRunner: |
06-06 12:24:50.786 17900 17928 E TestRunner: +--------->MaterialTextView{id=2131231192, res-name=tv_age, visibility=VISIBLE, width=133, height=59, has-focus=false, has-focusable=false, has-window-focus=true, is-clickable=false, is-enabled=true, is-focused=false, is-focusable=false, is-layout-requested=false, is-selected=false, layout-params=androidx.constraintlayout.widget.ConstraintLayout$LayoutParams@23eb8e3, tag=null, root-is-layout-requested=false, has-input-connection=false, x=22.0, y=674.0, text=Age: 1, input-type=0, ime-target=false, has-links=false}
06-06 12:24:50.786 17900 17928 E TestRunner: |
06-06 12:24:50.786 17900 17928 E TestRunner: +--------->MaterialTextView{id=2131231193, res-name=tv_hobbies, visibility=VISIBLE, width=452, height=111, has-focus=false, has-focusable=false, has-window-focus=true, is-clickable=false, is-enabled=true, is-focused=false, is-focusable=false, is-layout-requested=false, is-selected=false, layout-params=androidx.constraintlayout.widget.ConstraintLayout$LayoutParams@39c12e0, tag=null, root-is-layout-requested=false, has-input-connection=false, x=22.0, y=777.0, text=Hobbies: Playing tennis, input-type=0, ime-target=false, has-links=false}
06-06 12:24:50.786 17900 17928 E TestRunner: |
06-06 12:24:50.786 17900 17928 E TestRunner: +------->MaterialCardView{id=-1, visibility=VISIBLE, width=496, height=910, has-focus=false, has-focusable=false, has-window-focus=true, is-clickable=false, is-enabled=true, is-focused=false, is-focusable=false, is-layout-requested=false, is-selected=false, layout-params=androidx.recyclerview.widget.GridLayoutManager$LayoutParams@3fa945e, tag=null, root-is-layout-requested=false, has-input-connection=false, x=562.0, y=23.0, is-checked=false, child-count=1}
06-06 12:24:50.786 17900 17928 E TestRunner: |
06-06 12:24:50.786 17900 17928 E TestRunner: +-------->ConstraintLayout{id=-1, visibility=VISIBLE, width=496, height=858, has-focus=false, has-focusable=false, has-window-focus=true, is-clickable=false, is-enabled=true, is-focused=false, is-focusable=false, is-layout-requested=false, is-selected=false, layout-params=android.widget.FrameLayout$LayoutParams@338615b, tag=null, root-is-layout-requested=false, has-input-connection=false, x=0.0, y=0.0, child-count=4}
06-06 12:24:50.786 17900 17928 E TestRunner: |
06-06 12:24:50.786 17900 17928 E TestRunner: +--------->AppCompatImageView{id=2131230952, res-name=image_view, visibility=VISIBLE, width=496, height=534, has-focus=false, has-focusable=false, has-window-focus=true, is-clickable=false, is-enabled=true, is-focused=false, is-focusable=false, is-layout-requested=false, is-selected=false, layout-params=androidx.constraintlayout.widget.ConstraintLayout$LayoutParams@40d5df8, tag=null, root-is-layout-requested=false, has-input-connection=false, x=0.0, y=0.0}
06-06 12:24:50.786 17900 17928 E TestRunner: |
06-06 12:24:50.786 17900 17928 E TestRunner: +--------->MaterialTextView{id=2131231194, res-name=tv_name, visibility=VISIBLE, width=129, height=74, has-focus=false, has-focusable=false, has-window-focus=true, is-clickable=false, is-enabled=true, is-focused=false, is-focusable=false, is-layout-requested=false, is-selected=false, layout-params=androidx.constraintlayout.widget.ConstraintLayout$LayoutParams@222c2d1, tag=null, root-is-layout-requested=false, has-input-connection=false, x=22.0, y=556.0, text=Rollo, input-type=0, ime-target=false, has-links=false}
06-06 12:24:50.786 17900 17928 E TestRunner: |
06-06 12:24:50.786 17900 17928 E TestRunner: +--------->MaterialTextView{id=2131231192, res-name=tv_age, visibility=VISIBLE, width=133, height=59, has-focus=false, has-focusable=false, has-window-focus=true, is-clickable=false, is-enabled=true, is-focused=false, is-focusable=false, is-layout-requested=false, is-selected=false, layout-params=androidx.constraintlayout.widget.ConstraintLayout$LayoutParams@eced136, tag=null, root-is-layout-requested=false, has-input-connection=false, x=22.0, y=674.0, text=Age: 4, input-type=0, ime-target=false, has-links=false}
06-06 12:24:50.786 17900 17928 E TestRunner: |
06-06 12:24:50.786 17900 17928 E TestRunner: +--------->MaterialTextView{id=2131231193, res-name=tv_hobbies, visibility=VISIBLE, width=452, height=59, has-focus=false, has-focusable=false, has-window-focus=true, is-clickable=false, is-enabled=true, is-focused=false, is-focusable=false, is-layout-requested=false, is-selected=false, layout-params=androidx.constraintlayout.widget.ConstraintLayout$LayoutParams@791b837, tag=null, root-is-layout-requested=false, has-input-connection=false, x=22.0, y=777.0, text=Hobbies: Reading, input-type=0, ime-target=false, has-links=false}
06-06 12:24:50.786 17900 17928 E TestRunner: |
06-06 12:24:50.787 17900 17928 E TestRunner: +------->MaterialCardView{id=-1, visibility=VISIBLE, width=496, height=910, has-focus=false, has-focusable=false, has-window-focus=true, is-clickable=false, is-enabled=true, is-focused=false, is-focusable=false, is-layout-requested=false, is-selected=false, layout-params=androidx.recyclerview.widget.GridLayoutManager$LayoutParams@83fbb0d, tag=null, root-is-layout-requested=false, has-input-connection=false, x=22.0, y=977.0, is-checked=false, child-count=1}
06-06 12:24:50.787 17900 17928 E TestRunner: |
06-06 12:24:50.787 17900 17928 E TestRunner: +-------->ConstraintLayout{id=-1, visibility=VISIBLE, width=496, height=910, has-focus=false, has-focusable=false, has-window-focus=true, is-clickable=false, is-enabled=true, is-focused=false, is-focusable=false, is-layout-requested=false, is-selected=false, layout-params=android.widget.FrameLayout$LayoutParams@3a2d10e, tag=null, root-is-layout-requested=false, has-input-connection=false, x=0.0, y=0.0, child-count=4}
06-06 12:24:50.787 17900 17928 E TestRunner: |
06-06 12:24:50.787 17900 17928 E TestRunner: +--------->AppCompatImageView{id=2131230952, res-name=image_view, visibility=VISIBLE, width=496, height=534, has-focus=false, has-focusable=false, has-window-focus=true, is-clickable=false, is-enabled=true, is-focused=false, is-focusable=false, is-layout-requested=false, is-selected=false, layout-params=androidx.constraintlayout.widget.ConstraintLayout$LayoutParams@6d9772f, tag=null, root-is-layout-requested=false, has-input-connection=false, x=0.0, y=0.0}
06-06 12:24:50.787 17900 17928 E TestRunner: |
06-06 12:24:50.787 17900 17928 E TestRunner: +--------->MaterialTextView{id=2131231194, res-name=tv_name, visibility=VISIBLE, width=158, height=74, has-focus=false, has-focusable=false, has-window-focus=true, is-clickable=false, is-enabled=true, is-focused=false, is-focusable=false, is-layout-requested=false, is-selected=false, layout-params=androidx.constraintlayout.widget.ConstraintLayout$LayoutParams@a42413c, tag=null, root-is-layout-requested=false, has-input-connection=false, x=22.0, y=556.0, text=Chase, input-type=0, ime-target=false, has-links=false}
06-06 12:24:50.787 17900 17928 E TestRunner: |
06-06 12:24:50.787 17900 17928 E TestRunner: +--------->MaterialTextView{id=2131231192, res-name=tv_age, visibility=VISIBLE, width=133, height=59, has-focus=false, has-focusable=false, has-window-focus=true, is-clickable=false, is-enabled=true, is-focused=false, is-focusable=false, is-layout-requested=false, is-selected=false, layout-params=androidx.constraintlayout.widget.ConstraintLayout$LayoutParams@e7e3ec5, tag=null, root-is-layout-requested=false, has-input-connection=false, x=22.0, y=674.0, text=Age: 3, input-type=0, ime-target=false, has-links=false}
06-06 12:24:50.787 17900 17928 E TestRunner: |
06-06 12:24:50.787 17900 17928 E TestRunner: +--------->MaterialTextView{id=2131231193, res-name=tv_hobbies, visibility=VISIBLE, width=452, height=111, has-focus=false, has-focusable=false, has-window-focus=true, is-clickable=false, is-enabled=true, is-focused=false, is-focusable=false, is-layout-requested=false, is-selected=false, layout-params=androidx.constraintlayout.widget.ConstraintLayout$LayoutParams@43ef01a, tag=null, root-is-layout-requested=false, has-input-connection=false, x=22.0, y=777.0, text=Hobbies: Playing frisbee, input-type=0, ime-target=false, has-links=false}
06-06 12:24:50.787 17900 17928 E TestRunner: |
06-06 12:24:50.787 17900 17928 E TestRunner: +---->ActionBarContainer{id=2131230774, res-name=action_bar_container, visibility=VISIBLE, width=1080, height=154, has-focus=false, has-focusable=false, has-window-focus=true, is-clickable=false, is-enabled=true, is-focused=false, is-focusable=false, is-layout-requested=false, is-selected=false, layout-params=androidx.appcompat.widget.ActionBarOverlayLayout$LayoutParams@c890241, tag=null, root-is-layout-requested=false, has-input-connection=false, x=0.0, y=0.0, child-count=2}
06-06 12:24:50.787 17900 17928 E TestRunner: |
06-06 12:24:50.787 17900 17928 E TestRunner: +----->Toolbar{id=2131230772, res-name=action_bar, visibility=VISIBLE, width=1080, height=154, has-focus=false, has-focusable=false, has-window-focus=true, is-clickable=false, is-enabled=true, is-focused=false, is-focusable=false, is-layout-requested=false, is-selected=false, layout-params=android.widget.FrameLayout$LayoutParams@f22817d, tag=null, root-is-layout-requested=false, has-input-connection=false, x=0.0, y=0.0, child-count=3}
06-06 12:24:50.787 17900 17928 E TestRunner: |
06-06 12:24:50.787 17900 17928 E TestRunner: +------>AppCompatTextView{id=-1, visibility=VISIBLE, width=225, height=74, has-focus=false, has-focusable=false, has-window-focus=true, is-clickable=false, is-enabled=true, is-focused=false, is-focusable=false, is-layout-requested=false, is-selected=false, layout-params=androidx.appcompat.widget.Toolbar$LayoutParams@8d36872, tag=null, root-is-layout-requested=false, has-input-connection=false, x=198.0, y=40.0, text=Dogglers, input-type=0, ime-target=false, has-links=false}
06-06 12:24:50.787 17900 17928 E TestRunner: |
06-06 12:24:50.787 17900 17928 E TestRunner: +------>AppCompatImageButton{id=-1, desc=Navigate up, visibility=VISIBLE, width=154, height=154, has-focus=false, has-focusable=false, has-window-focus=true, is-clickable=true, is-enabled=true, is-focused=false, is-focusable=true, is-layout-requested=false, is-selected=false, layout-params=androidx.appcompat.widget.Toolbar$LayoutParams@60264c3, tag=null, root-is-layout-requested=false, has-input-connection=false, x=0.0, y=0.0}
06-06 12:24:50.787 17900 17928 E TestRunner: |
06-06 12:24:50.787 17900 17928 E TestRunner: +------>ActionMenuView{id=-1, visibility=VISIBLE, width=0, height=154, has-focus=false, has-focusable=false, has-window-focus=true, is-clickable=false, is-enabled=true, is-focused=false, is-focusable=false, is-layout-requested=false, is-selected=false, layout-params=androidx.appcompat.widget.Toolbar$LayoutParams@b8a8140, tag=null, root-is-layout-requested=false, has-input-connection=false, x=1080.0, y=0.0, child-count=0}
06-06 12:24:50.787 17900 17928 E TestRunner: |
06-06 12:24:50.787 17900 17928 E TestRunner: +----->ActionBarContextView{id=2131230780, res-name=action_context_bar, visibility=GONE, width=0, height=0, has-focus=false, has-focusable=false, has-window-focus=true, is-clickable=false, is-enabled=true, is-focused=false, is-focusable=false, is-layout-requested=true, is-selected=false, layout-params=android.widget.FrameLayout$LayoutParams@4dab879, tag=null, root-is-layout-requested=false, has-input-connection=false, x=0.0, y=0.0, child-count=0}
06-06 12:24:50.787 17900 17928 E TestRunner: |
06-06 12:24:50.787 17900 17928 E TestRunner: +->View{id=16908336, res-name=navigationBarBackground, visibility=VISIBLE, width=1080, height=132, has-focus=false, has-focusable=false, has-window-focus=true, is-clickable=false, is-enabled=true, is-focused=false, is-focusable=false, is-layout-requested=false, is-selected=false, layout-params=android.widget.FrameLayout$LayoutParams@beb99be, tag=null, root-is-layout-requested=false, has-input-connection=false, x=0.0, y=2208.0}
06-06 12:24:50.787 17900 17928 E TestRunner: |
06-06 12:24:50.787 17900 17928 E TestRunner: +->View{id=16908335, res-name=statusBarBackground, visibility=VISIBLE, width=1080, height=145, has-focus=false, has-focusable=false, has-window-focus=true, is-clickable=false, is-enabled=true, is-focused=false, is-focusable=false, is-layout-requested=false, is-selected=false, layout-params=android.widget.FrameLayout$LayoutParams@31c8a1f, tag=null, root-is-layout-requested=false, has-input-connection=false, x=0.0, y=0.0}
06-06 12:24:50.787 17900 17928 E TestRunner: 	at dalvik.system.VMStack.getThreadStackTrace(Native Method)
06-06 12:24:50.787 17900 17928 E TestRunner: 	at java.lang.Thread.getStackTrace(Thread.java:1724)
06-06 12:24:50.787 17900 17928 E TestRunner: 	at androidx.test.espresso.base.DefaultFailureHandler.getUserFriendlyError(DefaultFailureHandler.java:12)
06-06 12:24:50.787 17900 17928 E TestRunner: 	at androidx.test.espresso.base.DefaultFailureHandler.handle(DefaultFailureHandler.java:7)
06-06 12:24:50.787 17900 17928 E TestRunner: 	at androidx.test.espresso.ViewInteraction.waitForAndHandleInteractionResults(ViewInteraction.java:8)
06-06 12:24:50.787 17900 17928 E TestRunner: 	at androidx.test.espresso.ViewInteraction.check(ViewInteraction.java:12)
06-06 12:24:50.787 17900 17928 E TestRunner: 	at com.example.dogglers.GridListTests.grid_list_content_at_last_position(GridListTests.kt:54)
06-06 12:24:50.787 17900 17928 E TestRunner: 	at java.lang.reflect.Method.invoke(Native Method)
06-06 12:24:50.787 17900 17928 E TestRunner: 	at org.junit.runners.model.FrameworkMethod$1.runReflectiveCall(FrameworkMethod.java:50)
06-06 12:24:50.787 17900 17928 E TestRunner: 	at org.junit.internal.runners.model.ReflectiveCallable.run(ReflectiveCallable.java:12)
06-06 12:24:50.787 17900 17928 E TestRunner: 	at org.junit.runners.model.FrameworkMethod.invokeExplosively(FrameworkMethod.java:47)
06-06 12:24:50.787 17900 17928 E TestRunner: 	at org.junit.internal.runners.statements.InvokeMethod.evaluate(InvokeMethod.java:17)
