06-06 12:24:46.282 17900 17928 I TestRunner: started: grid_list_content_on_first_page(com.example.dogglers.GridListTests)
06-06 12:24:46.286 17900 17928 W Settings: Setting always_finish_activities has moved from android.provider.Settings.System to android.provider.Settings.Global, returning read-only value.
06-06 12:24:46.313   843   902 D SplashScreenView: Build android.window.SplashScreenView{3e9e1f4 V.E...... ......ID 0,0-0,0}
06-06 12:24:46.313   843   902 D SplashScreenView: Icon: view: null drawable: null size: 0
06-06 12:24:46.313   843   902 D SplashScreenView: Branding: view: android.view.View{425bd1d G.ED..... ......I. 0,0-0,0 #10204a6 android:id/splashscreen_branding_view} drawable: null size w: 0 h: 0
06-06 12:24:46.346 17900 17900 D LifecycleMonitor: Lifecycle status change: androidx.test.core.app.InstrumentationActivityInvoker$BootstrapActivity@60aa74 in: PRE_ON_CREATE
06-06 12:24:46.346 17900 17900 V ActivityScenario: Activity lifecycle changed event received but ignored because the intent does not match. startActivityIntent=Intent { act=android.intent.action.MAIN cat=[android.intent.category.LAUNCHER] cmp=com.example.dogglers/.GridListActivity }, activity.getIntent()=Intent { act=android.intent.action.MAIN cat=[android.intent.category.LAUNCHER] flg=0x10008000 cmp=com.example.dogglers/androidx.test.core.app.InstrumentationActivityInvoker$BootstrapActivity (has extras) }, activity=androidx.test.core.app.InstrumentationActivityInvoker$BootstrapActivity@60aa74
06-06 12:24:46.348   340  6904 D goldfish-address-space: claimShared: Ask to claim region [0x3ec000000 0x3ec9a4000]
06-06 12:24:46.352 17900 17900 D LifecycleMonitor: Lifecycle status change: androidx.test.core.app.InstrumentationActivityInvoker$BootstrapActivity@60aa74 in: CREATED
06-06 12:24:46.352 17900 17900 V ActivityScenario: Activity lifecycle changed event received but ignored because the intent does not match. startActivityIntent=Intent { act=android.intent.action.MAIN cat=[android.intent.category.LAUNCHER] cmp=com.example.dogglers/.GridListActivity }, activity.getIntent()=Intent { act=android.intent.action.MAIN cat=[android.intent.category.LAUNCHER] flg=0x10008000 cmp=com.example.dogglers/androidx.test.core.app.InstrumentationActivityInvoker$BootstrapActivity (has extras) }, activity=androidx.test.core.app.InstrumentationActivityInvoker$BootstrapActivity@60aa74
06-06 12:24:46.352 17900 17900 D LifecycleMonitor: Lifecycle status change: androidx.test.core.app.InstrumentationActivityInvoker$BootstrapActivity@60aa74 in: STARTED
06-06 12:24:46.353 17900 17900 V ActivityScenario: Activity lifecycle changed event received but ignored because the intent does not match. startActivityIntent=Intent { act=android.intent.action.MAIN cat=[android.intent.category.LAUNCHER] cmp=com.example.dogglers/.GridListActivity }, activity.getIntent()=Intent { act=android.intent.action.MAIN cat=[android.intent.category.LAUNCHER] flg=0x10008000 cmp=com.example.dogglers/androidx.test.core.app.InstrumentationActivityInvoker$BootstrapActivity (has extras) }, activity=androidx.test.core.app.InstrumentationActivityInvoker$BootstrapActivity@60aa74
06-06 12:24:46.380 17900 17900 D LifecycleMonitor: Lifecycle status change: androidx.test.core.app.InstrumentationActivityInvoker$BootstrapActivity@60aa74 in: RESUMED
06-06 12:24:46.380 17900 17900 V ActivityScenario: Activity lifecycle changed event received but ignored because the intent does not match. startActivityIntent=Intent { act=android.intent.action.MAIN cat=[android.intent.category.LAUNCHER] cmp=com.example.dogglers/.GridListActivity }, activity.getIntent()=Intent { act=android.intent.action.MAIN cat=[android.intent.category.LAUNCHER] flg=0x10008000 cmp=com.example.dogglers/androidx.test.core.app.InstrumentationActivityInvoker$BootstrapActivity (has extras) }, activity=androidx.test.core.app.InstrumentationActivityInvoker$BootstrapActivity@60aa74
06-06 12:24:46.383 17900 17900 D LifecycleMonitor: Lifecycle status change: androidx.test.core.app.InstrumentationActivityInvoker$BootstrapActivity@60aa74 in: PAUSED
06-06 12:24:46.383 17900 17900 V ActivityScenario: Activity lifecycle changed event received but ignored because the intent does not match. startActivityIntent=Intent { act=android.intent.action.MAIN cat=[android.intent.category.LAUNCHER] cmp=com.example.dogglers/.GridListActivity }, activity.getIntent()=Intent { act=android.intent.action.MAIN cat=[android.intent.category.LAUNCHER] flg=0x10008000 cmp=com.example.dogglers/androidx.test.core.app.InstrumentationActivityInvoker$BootstrapActivity (has extras) }, activity=androidx.test.core.app.InstrumentationActivityInvoker$BootstrapActivity@60aa74
06-06 12:24:46.386   340  6904 D goldfish-address-space: claimShared: Ask to claim region [0x3ef44b000 0x3efdef000]
06-06 12:24:46.395   340  6904 D goldfish-address-space: claimShared: Ask to claim region [0x3ee1c7000 0x3eeb6b000]
06-06 12:24:46.431  2386  2386 I GsaVoiceInteractionSrv: Handling ACTION_STOP_HOTWORD
06-06 12:24:46.431  2386  2386 E HwDetectorWithState: a: 3
06-06 12:24:46.452 17900 17900 D LifecycleMonitor: Lifecycle status change: com.example.dogglers.GridListActivity@73f07c3 in: PRE_ON_CREATE
06-06 12:24:46.452 17900 17900 V ActivityScenario: Activity lifecycle changed event received but ignored because the reported transition was not ON_CREATE while the last known transition was PRE_ON_CREATE
06-06 12:24:46.503 17900 17900 D LifecycleMonitor: Lifecycle status change: com.example.dogglers.GridListActivity@73f07c3 in: CREATED
06-06 12:24:46.503 17900 17900 V ActivityScenario: Update currentActivityStage to CREATED, currentActivity=com.example.dogglers.GridListActivity@73f07c3
06-06 12:24:46.510 17900 17900 D LifecycleMonitor: Lifecycle status change: com.example.dogglers.GridListActivity@73f07c3 in: STARTED
06-06 12:24:46.510 17900 17900 V ActivityScenario: Update currentActivityStage to STARTED, currentActivity=com.example.dogglers.GridListActivity@73f07c3
06-06 12:24:46.511 17900 17900 D LifecycleMonitor: Lifecycle status change: com.example.dogglers.GridListActivity@73f07c3 in: RESUMED
06-06 12:24:46.512 17900 17900 V ActivityScenario: Update currentActivityStage to RESUMED, currentActivity=com.example.dogglers.GridListActivity@73f07c3
06-06 12:24:46.509   349   349 E android.hardware.power.stats@1.0-service-mock: Failed to getEnergyData
06-06 12:24:46.531 17900 17900 D LifecycleMonitor: Lifecycle status change: androidx.test.core.app.InstrumentationActivityInvoker$BootstrapActivity@60aa74 in: STOPPED
06-06 12:24:46.531 17900 17900 V ActivityScenario: Activity lifecycle changed event received but ignored because the intent does not match. startActivityIntent=Intent { act=android.intent.action.MAIN cat=[android.intent.category.LAUNCHER] cmp=com.example.dogglers/.GridListActivity }, activity.getIntent()=Intent { act=android.intent.action.MAIN cat=[android.intent.category.LAUNCHER] flg=0x10008000 cmp=com.example.dogglers/androidx.test.core.app.InstrumentationActivityInvoker$BootstrapActivity (has extras) }, activity=androidx.test.core.app.InstrumentationActivityInvoker$BootstrapActivity@60aa74
06-06 12:24:46.532   547   599 I libprocessgroup: Successfully killed process cgroup uid 10125 pid 7318 in 47ms
06-06 12:24:46.546   340  6904 D goldfish-address-space: claimShared: Ask to claim region [0x3f5348000 0x3f5cec000]
06-06 12:24:46.552   340  6904 D goldfish-address-space: claimShared: Ask to claim region [0x3f5cec000 0x3f6690000]
06-06 12:24:46.563   340  6904 D goldfish-address-space: claimShared: Ask to claim region [0x3fa372000 0x3fad16000]
06-06 12:24:46.699   547   586 I ActivityTaskManager: Displayed com.example.dogglers/.GridListActivity: +389ms
06-06 12:24:46.810  1546  1546 I GoogleInputMethodService: GoogleInputMethodService.onFinishInput():3420
06-06 12:24:46.811  1546  1546 I GoogleInputMethodService: GoogleInputMethodService.onStartInput():2002
06-06 12:24:46.817  1546  1546 I DeviceUnlockedTag: DeviceUnlockedTag.notifyDeviceLockStatusChanged():31 Notify device unlocked.
06-06 12:24:46.824  2149  2149 I A       : onApplyWindowInsets: systemWindowInsets=Insets{left=0, top=145, right=0, bottom=132}
06-06 12:24:46.824  2149  2149 I A       : onApplyWindowInsets: Adjusting for display cutouts. Safe insets: left=0, top=136, right=0, bottom=0
06-06 12:24:46.824  2149  2149 I A       : onApplyWindowInsets: systemWindowInsets=Insets{left=0, top=145, right=0, bottom=132}
06-06 12:24:46.979   327   327 I Zygote  : Process 7318 exited due to signal 9 (Killed)
06-06 12:24:47.021   547   655 W InputManager-JNI: Input channel object '4157e3b Splash Screen com.example.dogglers (client)' was disposed without first being removed with the input manager!
06-06 12:24:47.044 17900 17900 I ViewInteraction: Checking 'MatchesViewAssertion{viewMatcher=(view has effective visibility <VISIBLE> and view.getGlobalVisibleRect() to return non-empty rectangle)}' assertion on view an instance of android.widget.TextView and view.getText() with or without transformation to match: is "Nox"
06-06 12:24:47.045 17900 17900 E ViewAssertions: '(view has effective visibility <VISIBLE> and view.getGlobalVisibleRect() to return non-empty rectangle)' check could not be performed because view 'an instance of android.widget.TextView and view.getText() with or without transformation to match: is "Nox"' was not found.
06-06 12:24:47.070 17900 17900 D LifecycleMonitor: Lifecycle status change: com.example.dogglers.GridListActivity@73f07c3 in: PAUSED
06-06 12:24:47.071 17900 17900 V ActivityScenario: Update currentActivityStage to PAUSED, currentActivity=com.example.dogglers.GridListActivity@73f07c3
06-06 12:24:47.099 17900 17900 D LifecycleMonitor: Lifecycle status change: androidx.test.core.app.InstrumentationActivityInvoker$EmptyActivity@da73a1a in: PRE_ON_CREATE
06-06 12:24:47.099 17900 17900 V ActivityScenario: Activity lifecycle changed event received but ignored because the intent does not match. startActivityIntent=Intent { act=android.intent.action.MAIN cat=[android.intent.category.LAUNCHER] cmp=com.example.dogglers/.GridListActivity }, activity.getIntent()=Intent { act=android.intent.action.MAIN cat=[android.intent.category.LAUNCHER] flg=0x10000000 cmp=com.example.dogglers/androidx.test.core.app.InstrumentationActivityInvoker$EmptyActivity }, activity=androidx.test.core.app.InstrumentationActivityInvoker$EmptyActivity@da73a1a
06-06 12:24:47.105 17900 17900 D LifecycleMonitor: Lifecycle status change: androidx.test.core.app.InstrumentationActivityInvoker$EmptyActivity@da73a1a in: CREATED
06-06 12:24:47.105 17900 17900 V ActivityScenario: Activity lifecycle changed event received but ignored because the intent does not match. startActivityIntent=Intent { act=android.intent.action.MAIN cat=[android.intent.category.LAUNCHER] cmp=com.example.dogglers/.GridListActivity }, activity.getIntent()=Intent { act=android.intent.action.MAIN cat=[android.intent.category.LAUNCHER] flg=0x10000000 cmp=com.example.dogglers/androidx.test.core.app.InstrumentationActivityInvoker$EmptyActivity }, activity=androidx.test.core.app.InstrumentationActivityInvoker$EmptyActivity@da73a1a
06-06 12:24:47.110 17900 17900 D LifecycleMonitor: Lifecycle status change: androidx.test.core.app.InstrumentationActivityInvoker$EmptyActivity@da73a1a in: STARTED
06-06 12:24:47.110 17900 17900 V ActivityScenario: Activity lifecycle changed event received but ignored because the intent does not match. startActivityIntent=Intent { act=android.intent.action.MAIN cat=[android.intent.category.LAUNCHER] cmp=com.example.dogglers/.GridListActivity }, activity.getIntent()=Intent { act=android.intent.action.MAIN cat=[android.intent.category.LAUNCHER] flg=0x10000000 cmp=com.example.dogglers/androidx.test.core.app.InstrumentationActivityInvoker$EmptyActivity }, activity=androidx.test.core.app.InstrumentationActivityInvoker$EmptyActivity@da73a1a
06-06 12:24:47.112 17900 17900 D LifecycleMonitor: Lifecycle status change: androidx.test.core.app.InstrumentationActivityInvoker$EmptyActivity@da73a1a in: RESUMED
06-06 12:24:47.113 17900 17900 V ActivityScenario: Activity lifecycle changed event received but ignored because the intent does not match. startActivityIntent=Intent { act=android.intent.action.MAIN cat=[android.intent.category.LAUNCHER] cmp=com.example.dogglers/.GridListActivity }, activity.getIntent()=Intent { act=android.intent.action.MAIN cat=[android.intent.category.LAUNCHER] flg=0x10000000 cmp=com.example.dogglers/androidx.test.core.app.InstrumentationActivityInvoker$EmptyActivity }, activity=androidx.test.core.app.InstrumentationActivityInvoker$EmptyActivity@da73a1a
06-06 12:24:47.133   340  6904 D goldfish-address-space: claimShared: Ask to claim region [0x3f1edc000 0x3f2880000]
06-06 12:24:47.136   340  6904 D goldfish-address-space: claimShared: Ask to claim region [0x3f2880000 0x3f3224000]
06-06 12:24:47.138   340  6904 D goldfish-address-space: claimShared: Ask to claim region [0x3f0000000 0x3f09a4000]
06-06 12:24:47.161   547   586 I ActivityTaskManager: Displayed com.example.dogglers/androidx.test.core.app.InstrumentationActivityInvoker$EmptyActivity: +99ms
06-06 12:24:47.185 17900 17900 D LifecycleMonitor: Lifecycle status change: com.example.dogglers.GridListActivity@73f07c3 in: STOPPED
06-06 12:24:47.185 17900 17900 V ActivityScenario: Update currentActivityStage to STOPPED, currentActivity=com.example.dogglers.GridListActivity@73f07c3
06-06 12:24:47.197 17900 17900 D LifecycleMonitor: Lifecycle status change: com.example.dogglers.GridListActivity@73f07c3 in: DESTROYED
06-06 12:24:47.197 17900 17900 V ActivityScenario: Update currentActivityStage to DESTROYED, currentActivity=null
06-06 12:24:47.200   547  2336 W InputManager-JNI: Input channel object 'b7e70d2 com.example.dogglers/com.example.dogglers.GridListActivity (client)' was disposed without first being removed with the input manager!
06-06 12:24:47.205 17900 17900 D LifecycleMonitor: Lifecycle status change: androidx.test.core.app.InstrumentationActivityInvoker$EmptyActivity@da73a1a in: PAUSED
06-06 12:24:47.205 17900 17900 V ActivityScenario: Activity lifecycle changed event received but ignored because the intent does not match. startActivityIntent=Intent { act=android.intent.action.MAIN cat=[android.intent.category.LAUNCHER] cmp=com.example.dogglers/.GridListActivity }, activity.getIntent()=Intent { act=android.intent.action.MAIN cat=[android.intent.category.LAUNCHER] flg=0x10000000 cmp=com.example.dogglers/androidx.test.core.app.InstrumentationActivityInvoker$EmptyActivity }, activity=androidx.test.core.app.InstrumentationActivityInvoker$EmptyActivity@da73a1a
06-06 12:24:47.230 17900 17900 D LifecycleMonitor: Lifecycle status change: androidx.test.core.app.InstrumentationActivityInvoker$EmptyActivity@a426c3 in: PRE_ON_CREATE
06-06 12:24:47.230 17900 17900 V ActivityScenario: Activity lifecycle changed event received but ignored because the intent does not match. startActivityIntent=Intent { act=android.intent.action.MAIN cat=[android.intent.category.LAUNCHER] cmp=com.example.dogglers/.GridListActivity }, activity.getIntent()=Intent { act=android.intent.action.MAIN cat=[android.intent.category.LAUNCHER] flg=0x10000000 cmp=com.example.dogglers/androidx.test.core.app.InstrumentationActivityInvoker$EmptyActivity }, activity=androidx.test.core.app.InstrumentationActivityInvoker$EmptyActivity@a426c3
06-06 12:24:47.234 17900 17900 D LifecycleMonitor: Lifecycle status change: androidx.test.core.app.InstrumentationActivityInvoker$EmptyActivity@a426c3 in: CREATED
06-06 12:24:47.234 17900 17900 V ActivityScenario: Activity lifecycle changed event received but ignored because the intent does not match. startActivityIntent=Intent { act=android.intent.action.MAIN cat=[android.intent.category.LAUNCHER] cmp=com.example.dogglers/.GridListActivity }, activity.getIntent()=Intent { act=android.intent.action.MAIN cat=[android.intent.category.LAUNCHER] flg=0x10000000 cmp=com.example.dogglers/androidx.test.core.app.InstrumentationActivityInvoker$EmptyActivity }, activity=androidx.test.core.app.InstrumentationActivityInvoker$EmptyActivity@a426c3
06-06 12:24:47.236 17900 17900 D LifecycleMonitor: Lifecycle status change: androidx.test.core.app.InstrumentationActivityInvoker$EmptyActivity@a426c3 in: STARTED
06-06 12:24:47.236 17900 17900 V ActivityScenario: Activity lifecycle changed event received but ignored because the intent does not match. startActivityIntent=Intent { act=android.intent.action.MAIN cat=[android.intent.category.LAUNCHER] cmp=com.example.dogglers/.GridListActivity }, activity.getIntent()=Intent { act=android.intent.action.MAIN cat=[android.intent.category.LAUNCHER] flg=0x10000000 cmp=com.example.dogglers/androidx.test.core.app.InstrumentationActivityInvoker$EmptyActivity }, activity=androidx.test.core.app.InstrumentationActivityInvoker$EmptyActivity@a426c3
06-06 12:24:47.245 17900 17900 D LifecycleMonitor: Lifecycle status change: androidx.test.core.app.InstrumentationActivityInvoker$EmptyActivity@a426c3 in: RESUMED
06-06 12:24:47.245 17900 17900 V ActivityScenario: Activity lifecycle changed event received but ignored because the intent does not match. startActivityIntent=Intent { act=android.intent.action.MAIN cat=[android.intent.category.LAUNCHER] cmp=com.example.dogglers/.GridListActivity }, activity.getIntent()=Intent { act=android.intent.action.MAIN cat=[android.intent.category.LAUNCHER] flg=0x10000000 cmp=com.example.dogglers/androidx.test.core.app.InstrumentationActivityInvoker$EmptyActivity }, activity=androidx.test.core.app.InstrumentationActivityInvoker$EmptyActivity@a426c3
06-06 12:24:47.251 17900 17900 D LifecycleMonitor: Lifecycle status change: androidx.test.core.app.InstrumentationActivityInvoker$BootstrapActivity@60aa74 in: DESTROYED
06-06 12:24:47.251 17900 17900 V ActivityScenario: Activity lifecycle changed event received but ignored because the intent does not match. startActivityIntent=Intent { act=android.intent.action.MAIN cat=[android.intent.category.LAUNCHER] cmp=com.example.dogglers/.GridListActivity }, activity.getIntent()=Intent { act=android.intent.action.MAIN cat=[android.intent.category.LAUNCHER] flg=0x10008000 cmp=com.example.dogglers/androidx.test.core.app.InstrumentationActivityInvoker$BootstrapActivity (has extras) }, activity=androidx.test.core.app.InstrumentationActivityInvoker$BootstrapActivity@60aa74
06-06 12:24:47.267   340  6904 D goldfish-address-space: claimShared: Ask to claim region [0x3ec000000 0x3ec9a4000]
06-06 12:24:47.272   340  6904 D goldfish-address-space: claimShared: Ask to claim region [0x3ef44b000 0x3efdef000]
06-06 12:24:47.284   340  6904 D goldfish-address-space: claimShared: Ask to claim region [0x3ee1c7000 0x3eeb6b000]
06-06 12:24:47.297   547   586 I ActivityTaskManager: Displayed com.example.dogglers/androidx.test.core.app.InstrumentationActivityInvoker$EmptyActivity: +122ms
06-06 12:24:47.320   340  6904 D goldfish-address-space: claimShared: Ask to claim region [0x3f3850000 0x3f3e7c000]
06-06 12:24:47.362 17900 17900 D LifecycleMonitor: Lifecycle status change: androidx.test.core.app.InstrumentationActivityInvoker$EmptyActivity@da73a1a in: STOPPED
06-06 12:24:47.362 17900 17900 V ActivityScenario: Activity lifecycle changed event received but ignored because the intent does not match. startActivityIntent=Intent { act=android.intent.action.MAIN cat=[android.intent.category.LAUNCHER] cmp=com.example.dogglers/.GridListActivity }, activity.getIntent()=Intent { act=android.intent.action.MAIN cat=[android.intent.category.LAUNCHER] flg=0x10000000 cmp=com.example.dogglers/androidx.test.core.app.InstrumentationActivityInvoker$EmptyActivity }, activity=androidx.test.core.app.InstrumentationActivityInvoker$EmptyActivity@da73a1a
06-06 12:24:47.367 17900 17900 D LifecycleMonitor: Lifecycle status change: androidx.test.core.app.InstrumentationActivityInvoker$EmptyActivity@da73a1a in: DESTROYED
06-06 12:24:47.368 17900 17900 V ActivityScenario: Activity lifecycle changed event received but ignored because the intent does not match. startActivityIntent=Intent { act=android.intent.action.MAIN cat=[android.intent.category.LAUNCHER] cmp=com.example.dogglers/.GridListActivity }, activity.getIntent()=Intent { act=android.intent.action.MAIN cat=[android.intent.category.LAUNCHER] flg=0x10000000 cmp=com.example.dogglers/androidx.test.core.app.InstrumentationActivityInvoker$EmptyActivity }, activity=androidx.test.core.app.InstrumentationActivityInvoker$EmptyActivity@da73a1a
06-06 12:24:47.370   547  1420 W InputManager-JNI: Input channel object '5210b2c com.example.dogglers/androidx.test.core.app.InstrumentationActivityInvoker$EmptyActivity (client)' was disposed without first being removed with the input manager!
06-06 12:24:47.380 17900 17900 D LifecycleMonitor: Lifecycle status change: androidx.test.core.app.InstrumentationActivityInvoker$EmptyActivity@a426c3 in: PAUSED
06-06 12:24:47.381 17900 17900 V ActivityScenario: Activity lifecycle changed event received but ignored because the intent does not match. startActivityIntent=Intent { act=android.intent.action.MAIN cat=[android.intent.category.LAUNCHER] cmp=com.example.dogglers/.GridListActivity }, activity.getIntent()=Intent { act=android.intent.action.MAIN cat=[android.intent.category.LAUNCHER] flg=0x10000000 cmp=com.example.dogglers/androidx.test.core.app.InstrumentationActivityInvoker$EmptyActivity }, activity=androidx.test.core.app.InstrumentationActivityInvoker$EmptyActivity@a426c3
06-06 12:24:47.397 17900 17928 E TestRunner: failed: grid_list_content_on_first_page(com.example.dogglers.GridListTests)
06-06 12:24:47.397 17900 17928 E TestRunner: ----- begin exception -----
06-06 12:24:47.432 17900 17928 E TestRunner: androidx.test.espresso.NoMatchingViewException: No views in hierarchy found matching: an instance of android.widget.TextView and view.getText() with or without transformation to match: is "Nox"
06-06 12:24:47.432 17900 17928 E TestRunner:
06-06 12:24:47.432 17900 17928 E TestRunner: View Hierarchy:
06-06 12:24:47.432 17900 17928 E TestRunner: +>DecorView{id=-1, visibility=VISIBLE, width=1080, height=2340, has-focus=false, has-focusable=true, has-window-focus=true, is-clickable=false, is-enabled=true, is-focused=false, is-focusable=false, is-layout-requested=false, is-selected=false, layout-params={(0,0)(fillxfill) ty=BASE_APPLICATION wanim=0x10302fe
06-06 12:24:47.432 17900 17928 E TestRunner:   fl=LAYOUT_IN_SCREEN LAYOUT_INSET_DECOR SPLIT_TOUCH HARDWARE_ACCELERATED DRAWS_SYSTEM_BAR_BACKGROUNDS
06-06 12:24:47.432 17900 17928 E TestRunner:   pfl=NO_MOVE_ANIMATION FORCE_DRAW_STATUS_BAR_BACKGROUND FIT_INSETS_CONTROLLED
06-06 12:24:47.432 17900 17928 E TestRunner:   bhv=DEFAULT
06-06 12:24:47.432 17900 17928 E TestRunner:   fitSides=}, tag=null, root-is-layout-requested=false, has-input-connection=false, x=0.0, y=0.0, child-count=3}
06-06 12:24:47.432 17900 17928 E TestRunner: |
06-06 12:24:47.432 17900 17928 E TestRunner: +->LinearLayout{id=-1, visibility=VISIBLE, width=1080, height=2208, has-focus=false, has-focusable=true, has-window-focus=true, is-clickable=false, is-enabled=true, is-focused=false, is-focusable=false, is-layout-requested=false, is-selected=false, layout-params=android.widget.FrameLayout$LayoutParams@e4d8869, tag=null, root-is-layout-requested=false, has-input-connection=false, x=0.0, y=0.0, child-count=2}
06-06 12:24:47.432 17900 17928 E TestRunner: |
06-06 12:24:47.432 17900 17928 E TestRunner: +-->ViewStub{id=16908720, res-name=action_mode_bar_stub, visibility=GONE, width=0, height=0, has-focus=false, has-focusable=false, has-window-focus=true, is-clickable=false, is-enabled=true, is-focused=false, is-focusable=false, is-layout-requested=true, is-selected=false, layout-params=android.widget.LinearLayout$LayoutParams@c942ee, tag=null, root-is-layout-requested=false, has-input-connection=false, x=0.0, y=0.0}
06-06 12:24:47.432 17900 17928 E TestRunner: |
06-06 12:24:47.432 17900 17928 E TestRunner: +-->FrameLayout{id=-1, visibility=VISIBLE, width=1080, height=2063, has-focus=false, has-focusable=true, has-window-focus=true, is-clickable=false, is-enabled=true, is-focused=false, is-focusable=false, is-layout-requested=false, is-selected=false, layout-params=android.widget.LinearLayout$LayoutParams@f47b61c, tag=null, root-is-layout-requested=false, has-input-connection=false, x=0.0, y=145.0, child-count=1}
06-06 12:24:47.432 17900 17928 E TestRunner: |
06-06 12:24:47.432 17900 17928 E TestRunner: +--->ActionBarOverlayLayout{id=2131230866, res-name=decor_content_parent, visibility=VISIBLE, width=1080, height=2063, has-focus=false, has-focusable=true, has-window-focus=true, is-clickable=false, is-enabled=true, is-focused=false, is-focusable=false, is-layout-requested=false, is-selected=false, layout-params=android.widget.FrameLayout$LayoutParams@a2079ab, tag=null, root-is-layout-requested=false, has-input-connection=false, x=0.0, y=0.0, child-count=2}
06-06 12:24:47.432 17900 17928 E TestRunner: |
06-06 12:24:47.432 17900 17928 E TestRunner: +---->ContentFrameLayout{id=16908290, res-name=content, visibility=VISIBLE, width=1080, height=1909, has-focus=false, has-focusable=true, has-window-focus=true, is-clickable=false, is-enabled=true, is-focused=false, is-focusable=false, is-layout-requested=false, is-selected=false, layout-params=androidx.appcompat.widget.ActionBarOverlayLayout$LayoutParams@894dba1, tag=null, root-is-layout-requested=false, has-input-connection=false, x=0.0, y=154.0, child-count=1}
06-06 12:24:47.432 17900 17928 E TestRunner: |
06-06 12:24:47.432 17900 17928 E TestRunner: +----->FrameLayout{id=-1, visibility=VISIBLE, width=1080, height=1909, has-focus=false, has-focusable=true, has-window-focus=true, is-clickable=false, is-enabled=true, is-focused=false, is-focusable=false, is-layout-requested=false, is-selected=false, layout-params=android.widget.FrameLayout$LayoutParams@2eb0587, tag=null, root-is-layout-requested=false, has-input-connection=false, x=0.0, y=0.0, child-count=1}
06-06 12:24:47.432 17900 17928 E TestRunner: |
06-06 12:24:47.432 17900 17928 E TestRunner: +------>RecyclerView{id=2131230933, res-name=grid_recycler_view, visibility=VISIBLE, width=1080, height=1909, has-focus=false, has-focusable=true, has-window-focus=true, is-clickable=false, is-enabled=true, is-focused=false, is-focusable=true, is-layout-requested=false, is-selected=false, layout-params=android.widget.FrameLayout$LayoutParams@202439e, tag=null, root-is-layout-requested=false, has-input-connection=false, x=0.0, y=0.0, child-count=6}
06-06 12:24:47.432 17900 17928 E TestRunner: |
06-06 12:24:47.433 17900 17928 E TestRunner: +------->MaterialCardView{id=-1, visibility=VISIBLE, width=496, height=910, has-focus=false, has-focusable=false, has-window-focus=true, is-clickable=false, is-enabled=true, is-focused=false, is-focusable=false, is-layout-requested=false, is-selected=false, layout-params=androidx.recyclerview.widget.GridLayoutManager$LayoutParams@972de4c, tag=null, root-is-layout-requested=false, has-input-connection=false, x=22.0, y=22.0, is-checked=false, child-count=1}
06-06 12:24:47.433 17900 17928 E TestRunner: |
06-06 12:24:47.433 17900 17928 E TestRunner: +-------->ConstraintLayout{id=-1, visibility=VISIBLE, width=496, height=910, has-focus=false, has-focusable=false, has-window-focus=true, is-clickable=false, is-enabled=true, is-focused=false, is-focusable=false, is-layout-requested=false, is-selected=false, layout-params=android.widget.FrameLayout$LayoutParams@e5aef11, tag=null, root-is-layout-requested=false, has-input-connection=false, x=0.0, y=0.0, child-count=4}
06-06 12:24:47.433 17900 17928 E TestRunner: |
06-06 12:24:47.433 17900 17928 E TestRunner: +--------->AppCompatImageView{id=2131230952, res-name=image_view, visibility=VISIBLE, width=496, height=534, has-focus=false, has-focusable=false, has-window-focus=true, is-clickable=false, is-enabled=true, is-focused=false, is-focusable=false, is-layout-requested=false, is-selected=false, layout-params=androidx.constraintlayout.widget.ConstraintLayout$LayoutParams@9b52876, tag=null, root-is-layout-requested=false, has-input-connection=false, x=0.0, y=0.0}
06-06 12:24:47.433 17900 17928 E TestRunner: |
06-06 12:24:47.433 17900 17928 E TestRunner: +--------->MaterialTextView{id=2131231194, res-name=tv_name, visibility=VISIBLE, width=116, height=74, has-focus=false, has-focusable=false, has-window-focus=true, is-clickable=false, is-enabled=true, is-focused=false, is-focusable=false, is-layout-requested=false, is-selected=false, layout-params=androidx.constraintlayout.widget.ConstraintLayout$LayoutParams@5ba5e77, tag=null, root-is-layout-requested=false, has-input-connection=false, x=22.0, y=556.0, text=Nala, input-type=0, ime-target=false, has-links=false}
06-06 12:24:47.433 17900 17928 E TestRunner: |
06-06 12:24:47.433 17900 17928 E TestRunner: +--------->MaterialTextView{id=2131231192, res-name=tv_age, visibility=VISIBLE, width=133, height=59, has-focus=false, has-focusable=false, has-window-focus=true, is-clickable=false, is-enabled=true, is-focused=false, is-focusable=false, is-layout-requested=false, is-selected=false, layout-params=androidx.constraintlayout.widget.ConstraintLayout$LayoutParams@2caae4, tag=null, root-is-layout-requested=false, has-input-connection=false, x=22.0, y=674.0, text=Age: 3, input-type=0, ime-target=false, has-links=false}
06-06 12:24:47.433 17900 17928 E TestRunner: |
06-06 12:24:47.433 17900 17928 E TestRunner: +--------->MaterialTextView{id=2131231193, res-name=tv_hobbies, visibility=VISIBLE, width=452, height=111, has-focus=false, has-focusable=false, has-window-focus=true, is-clickable=false, is-enabled=true, is-focused=false, is-focusable=false, is-layout-requested=false, is-selected=false, layout-params=androidx.constraintlayout.widget.ConstraintLayout$LayoutParams@f6e6b4d, tag=null, root-is-layout-requested=false, has-input-connection=false, x=22.0, y=777.0, text=Hobbies: Strolling in the garden, input-type=0, ime-target=false, has-links=false}
06-06 12:24:47.433 17900 17928 E TestRunner: |
06-06 12:24:47.433 17900 17928 E TestRunner: +------->MaterialCardView{id=-1, visibility=VISIBLE, width=496, height=910, has-focus=false, has-focusable=false, has-window-focus=true, is-clickable=false, is-enabled=true, is-focused=false, is-focusable=false, is-layout-requested=false, is-selected=false, layout-params=androidx.recyclerview.widget.GridLayoutManager$LayoutParams@56c6b13, tag=null, root-is-layout-requested=false, has-input-connection=false, x=562.0, y=22.0, is-checked=false, child-count=1}
06-06 12:24:47.433 17900 17928 E TestRunner: |
06-06 12:24:47.433 17900 17928 E TestRunner: +-------->ConstraintLayout{id=-1, visibility=VISIBLE, width=496, height=858, has-focus=false, has-focusable=false, has-window-focus=true, is-clickable=false, is-enabled=true, is-focused=false, is-focusable=false, is-layout-requested=false, is-selected=false, layout-params=android.widget.FrameLayout$LayoutParams@e90727c, tag=null, root-is-layout-requested=false, has-input-connection=false, x=0.0, y=0.0, child-count=4}
06-06 12:24:47.433 17900 17928 E TestRunner: |
06-06 12:24:47.433 17900 17928 E TestRunner: +--------->AppCompatImageView{id=2131230952, res-name=image_view, visibility=VISIBLE, width=496, height=534, has-focus=false, has-focusable=false, has-window-focus=true, is-clickable=false, is-enabled=true, is-focused=false, is-focusable=false, is-layout-requested=false, is-selected=false, layout-params=androidx.constraintlayout.widget.ConstraintLayout$LayoutParams@e4ab705, tag=null, root-is-layout-requested=false, has-input-connection=false, x=0.0, y=0.0}
06-06 12:24:47.433 17900 17928 E TestRunner: |
06-06 12:24:47.433 17900 17928 E TestRunner: +--------->MaterialTextView{id=2131231194, res-name=tv_name, visibility=VISIBLE, width=96, height=74, has-focus=false, has-focusable=false, has-window-focus=true, is-clickable=false, is-enabled=true, is-focused=false, is-focusable=false, is-layout-requested=false, is-selected=false, layout-params=androidx.constraintlayout.widget.ConstraintLayout$LayoutParams@c71a35a, tag=null, root-is-layout-requested=false, has-input-connection=false, x=22.0, y=556.0, text=Kali, input-type=0, ime-target=false, has-links=false}
06-06 12:24:47.433 17900 17928 E TestRunner: |
06-06 12:24:47.433 17900 17928 E TestRunner: +--------->MaterialTextView{id=2131231192, res-name=tv_age, visibility=VISIBLE, width=133, height=59, has-focus=false, has-focusable=false, has-window-focus=true, is-clickable=false, is-enabled=true, is-focused=false, is-focusable=false, is-layout-requested=false, is-selected=false, layout-params=androidx.constraintlayout.widget.ConstraintLayout$LayoutParams@dc4298b, tag=null, root-is-layout-requested=false, has-input-connection=false, x=22.0, y=674.0, text=Age: 1, input-type=0, ime-target=false, has-links=false}
06-06 12:24:47.433 17900 17928 E TestRunner: |
06-06 12:24:47.433 17900 17928 E TestRunner: +--------->MaterialTextView{id=2131231193, res-name=tv_hobbies, visibility=VISIBLE, width=452, height=59, has-focus=false, has-focusable=false, has-window-focus=true, is-clickable=false, is-enabled=true, is-focused=false, is-focusable=false, is-layout-requested=false, is-selected=false, layout-params=androidx.constraintlayout.widget.ConstraintLayout$LayoutParams@db03a68, tag=null, root-is-layout-requested=false, has-input-connection=false, x=22.0, y=777.0, text=Hobbies: Sunbathing, input-type=0, ime-target=false, has-links=false}
06-06 12:24:47.433 17900 17928 E TestRunner: |
06-06 12:24:47.433 17900 17928 E TestRunner: +------->MaterialCardView{id=-1, visibility=VISIBLE, width=496, height=910, has-focus=false, has-focusable=false, has-window-focus=true, is-clickable=false, is-enabled=true, is-focused=false, is-focusable=false, is-layout-requested=false, is-selected=false, layout-params=androidx.recyclerview.widget.GridLayoutManager$LayoutParams@a169b26, tag=null, root-is-layout-requested=false, has-input-connection=false, x=22.0, y=976.0, is-checked=false, child-count=1}
06-06 12:24:47.433 17900 17928 E TestRunner: |
06-06 12:24:47.433 17900 17928 E TestRunner: +-------->ConstraintLayout{id=-1, visibility=VISIBLE, width=496, height=910, has-focus=false, has-focusable=false, has-window-focus=true, is-clickable=false, is-enabled=true, is-focused=false, is-focusable=false, is-layout-requested=false, is-selected=false, layout-params=android.widget.FrameLayout$LayoutParams@5963f03, tag=null, root-is-layout-requested=false, has-input-connection=false, x=0.0, y=0.0, child-count=4}
06-06 12:24:47.433 17900 17928 E TestRunner: |
06-06 12:24:47.433 17900 17928 E TestRunner: +--------->AppCompatImageView{id=2131230952, res-name=image_view, visibility=VISIBLE, width=496, height=534, has-focus=false, has-focusable=false, has-window-focus=true, is-clickable=false, is-enabled=true, is-focused=false, is-focusable=false, is-layout-requested=false, is-selected=false, layout-params=androidx.constraintlayout.widget.ConstraintLayout$LayoutParams@77dee80, tag=null, root-is-layout-requested=false, has-input-connection=false, x=0.0, y=0.0}
06-06 12:24:47.433 17900 17928 E TestRunner: |
06-06 12:24:47.433 17900 17928 E TestRunner: +--------->MaterialTextView{id=2131231194, res-name=tv_name, visibility=VISIBLE, width=139, height=74, has-focus=false, has-focusable=false, has-window-focus=true, is-clickable=false, is-enabled=true, is-focused=false, is-focusable=false, is-layout-requested=false, is-selected=false, layout-params=androidx.constraintlayout.widget.ConstraintLayout$LayoutParams@649bcb9, tag=null, root-is-layout-requested=false, has-input-connection=false, x=22.0, y=556.0, text=Snow, input-type=0, ime-target=false, has-links=false}
06-06 12:24:47.433 17900 17928 E TestRunner: |
06-06 12:24:47.434 17900 17928 E TestRunner: +--------->MaterialTextView{id=2131231192, res-name=tv_age, visibility=VISIBLE, width=133, height=59, has-focus=false, has-focusable=false, has-window-focus=true, is-clickable=false, is-enabled=true, is-focused=false, is-focusable=false, is-layout-requested=false, is-selected=false, layout-params=androidx.constraintlayout.widget.ConstraintLayout$LayoutParams@4fbe8fe, tag=null, root-is-layout-requested=false, has-input-connection=false, x=22.0, y=674.0, text=Age: 2, input-type=0, ime-target=false, has-links=false}
06-06 12:24:47.434 17900 17928 E TestRunner: |
06-06 12:24:47.434 17900 17928 E TestRunner: +--------->MaterialTextView{id=2131231193, res-name=tv_hobbies, visibility=VISIBLE, width=452, height=111, has-focus=false, has-focusable=false, has-window-focus=true, is-clickable=false, is-enabled=true, is-focused=false, is-focusable=false, is-layout-requested=false, is-selected=false, layout-params=androidx.constraintlayout.widget.ConstraintLayout$LayoutParams@2b3c85f, tag=null, root-is-layout-requested=false, has-input-connection=false, x=22.0, y=777.0, text=Hobbies: Playing in the snow, input-type=0, ime-target=false, has-links=false}
06-06 12:24:47.434 17900 17928 E TestRunner: |
06-06 12:24:47.434 17900 17928 E TestRunner: +------->MaterialCardView{id=-1, visibility=VISIBLE, width=496, height=910, has-focus=false, has-focusable=false, has-window-focus=true, is-clickable=false, is-enabled=true, is-focused=false, is-focusable=false, is-layout-requested=false, is-selected=false, layout-params=androidx.recyclerview.widget.GridLayoutManager$LayoutParams@406b75, tag=null, root-is-layout-requested=false, has-input-connection=false, x=562.0, y=976.0, is-checked=false, child-count=1}
06-06 12:24:47.434 17900 17928 E TestRunner: |
06-06 12:24:47.434 17900 17928 E TestRunner: +-------->ConstraintLayout{id=-1, visibility=VISIBLE, width=496, height=858, has-focus=false, has-focusable=false, has-window-focus=true, is-clickable=false, is-enabled=true, is-focused=false, is-focusable=false, is-layout-requested=false, is-selected=false, layout-params=android.widget.FrameLayout$LayoutParams@6d219d6, tag=null, root-is-layout-requested=false, has-input-connection=false, x=0.0, y=0.0, child-count=4}
06-06 12:24:47.434 17900 17928 E TestRunner: |
06-06 12:24:47.434 17900 17928 E TestRunner: +--------->AppCompatImageView{id=2131230952, res-name=image_view, visibility=VISIBLE, width=496, height=534, has-focus=false, has-focusable=false, has-window-focus=true, is-clickable=false, is-enabled=true, is-focused=false, is-focusable=false, is-layout-requested=false, is-selected=false, layout-params=androidx.constraintlayout.widget.ConstraintLayout$LayoutParams@cd86457, tag=null, root-is-layout-requested=false, has-input-connection=false, x=0.0, y=0.0}
06-06 12:24:47.434 17900 17928 E TestRunner: |
06-06 12:24:47.434 17900 17928 E TestRunner: +--------->MaterialTextView{id=2131231194, res-name=tv_name, visibility=VISIBLE, width=122, height=74, has-focus=false, has-focusable=false, has-window-focus=true, is-clickable=false, is-enabled=true, is-focused=false, is-focusable=false, is-layout-requested=false, is-selected=false, layout-params=androidx.constraintlayout.widget.ConstraintLayout$LayoutParams@8ff6b44, tag=null, root-is-layout-requested=false, has-input-connection=false, x=22.0, y=556.0, text=Jake, input-type=0, ime-target=false, has-links=false}
06-06 12:24:47.434 17900 17928 E TestRunner: |
06-06 12:24:47.434 17900 17928 E TestRunner: +--------->MaterialTextView{id=2131231192, res-name=tv_age, visibility=VISIBLE, width=133, height=59, has-focus=false, has-focusable=false, has-window-focus=true, is-clickable=false, is-enabled=true, is-focused=false, is-focusable=false, is-layout-requested=false, is-selected=false, layout-params=androidx.constraintlayout.widget.ConstraintLayout$LayoutParams@207942d, tag=null, root-is-layout-requested=false, has-input-connection=false, x=22.0, y=674.0, text=Age: 1, input-type=0, ime-target=false, has-links=false}
06-06 12:24:47.434 17900 17928 E TestRunner: |
06-06 12:24:47.434 17900 17928 E TestRunner: +--------->MaterialTextView{id=2131231193, res-name=tv_hobbies, visibility=VISIBLE, width=452, height=59, has-focus=false, has-focusable=false, has-window-focus=true, is-clickable=false, is-enabled=true, is-focused=false, is-focusable=false, is-layout-requested=false, is-selected=false, layout-params=androidx.constraintlayout.widget.ConstraintLayout$LayoutParams@42dfd62, tag=null, root-is-layout-requested=false, has-input-connection=false, x=22.0, y=777.0, text=Hobbies: Surfing, input-type=0, ime-target=false, has-links=false}
06-06 12:24:47.434 17900 17928 E TestRunner: |
06-06 12:24:47.434 17900 17928 E TestRunner: +------->MaterialCardView{id=-1, visibility=VISIBLE, width=496, height=910, has-focus=false, has-focusable=false, has-window-focus=true, is-clickable=false, is-enabled=true, is-focused=false, is-focusable=false, is-layout-requested=false, is-selected=false, layout-params=androidx.recyclerview.widget.GridLayoutManager$LayoutParams@129f7b0, tag=null, root-is-layout-requested=false, has-input-connection=false, x=22.0, y=1930.0, is-checked=false, child-count=1}
06-06 12:24:47.434 17900 17928 E TestRunner: |
06-06 12:24:47.434 17900 17928 E TestRunner: +-------->ConstraintLayout{id=-1, visibility=VISIBLE, width=496, height=910, has-focus=false, has-focusable=false, has-window-focus=true, is-clickable=false, is-enabled=true, is-focused=false, is-focusable=false, is-layout-requested=false, is-selected=false, layout-params=android.widget.FrameLayout$LayoutParams@8041be5, tag=null, root-is-layout-requested=false, has-input-connection=false, x=0.0, y=0.0, child-count=4}
06-06 12:24:47.434 17900 17928 E TestRunner: |
06-06 12:24:47.434 17900 17928 E TestRunner: +--------->AppCompatImageView{id=2131230952, res-name=image_view, visibility=VISIBLE, width=496, height=534, has-focus=false, has-focusable=false, has-window-focus=true, is-clickable=false, is-enabled=true, is-focused=false, is-focusable=false, is-layout-requested=false, is-selected=false, layout-params=androidx.constraintlayout.widget.ConstraintLayout$LayoutParams@25dd6ba, tag=null, root-is-layout-requested=false, has-input-connection=false, x=0.0, y=0.0}
06-06 12:24:47.434 17900 17928 E TestRunner: |
06-06 12:24:47.434 17900 17928 E TestRunner: +--------->MaterialTextView{id=2131231194, res-name=tv_name, visibility=VISIBLE, width=120, height=74, has-focus=false, has-focusable=false, has-window-focus=true, is-clickable=false, is-enabled=true, is-focused=false, is-focusable=false, is-layout-requested=false, is-selected=false, layout-params=androidx.constraintlayout.widget.ConstraintLayout$LayoutParams@73d496b, tag=null, root-is-layout-requested=false, has-input-connection=false, x=22.0, y=556.0, text=Oreo, input-type=0, ime-target=false, has-links=false}
06-06 12:24:47.434 17900 17928 E TestRunner: |
06-06 12:24:47.434 17900 17928 E TestRunner: +--------->MaterialTextView{id=2131231192, res-name=tv_age, visibility=VISIBLE, width=133, height=59, has-focus=false, has-focusable=false, has-window-focus=true, is-clickable=false, is-enabled=true, is-focused=false, is-focusable=false, is-layout-requested=false, is-selected=false, layout-params=androidx.constraintlayout.widget.ConstraintLayout$LayoutParams@5390cc8, tag=null, root-is-layout-requested=false, has-input-connection=false, x=22.0, y=674.0, text=Age: 1, input-type=0, ime-target=false, has-links=false}
06-06 12:24:47.434 17900 17928 E TestRunner: |
06-06 12:24:47.434 17900 17928 E TestRunner: +--------->MaterialTextView{id=2131231193, res-name=tv_hobbies, visibility=VISIBLE, width=452, height=111, has-focus=false, has-focusable=false, has-window-focus=true, is-clickable=false, is-enabled=true, is-focused=false, is-focusable=false, is-layout-requested=false, is-selected=false, layout-params=androidx.constraintlayout.widget.ConstraintLayout$LayoutParams@5df9161, tag=null, root-is-layout-requested=false, has-input-connection=false, x=22.0, y=777.0, text=Hobbies: Playing tennis, input-type=0, ime-target=false, has-links=false}
06-06 12:24:47.434 17900 17928 E TestRunner: |
06-06 12:24:47.434 17900 17928 E TestRunner: +------->MaterialCardView{id=-1, visibility=VISIBLE, width=496, height=910, has-focus=false, has-focusable=false, has-window-focus=true, is-clickable=false, is-enabled=true, is-focused=false, is-focusable=false, is-layout-requested=false, is-selected=false, layout-params=androidx.recyclerview.widget.GridLayoutManager$LayoutParams@b651147, tag=null, root-is-layout-requested=false, has-input-connection=false, x=562.0, y=1930.0, is-checked=false, child-count=1}
06-06 12:24:47.434 17900 17928 E TestRunner: |
06-06 12:24:47.434 17900 17928 E TestRunner: +-------->ConstraintLayout{id=-1, visibility=VISIBLE, width=496, height=858, has-focus=false, has-focusable=false, has-window-focus=true, is-clickable=false, is-enabled=true, is-focused=false, is-focusable=false, is-layout-requested=false, is-selected=false, layout-params=android.widget.FrameLayout$LayoutParams@c42ace0, tag=null, root-is-layout-requested=false, has-input-connection=false, x=0.0, y=0.0, child-count=4}
06-06 12:24:47.434 17900 17928 E TestRunner: |
06-06 12:24:47.434 17900 17928 E TestRunner: +--------->AppCompatImageView{id=2131230952, res-name=image_view, visibility=VISIBLE, width=496, height=534, has-focus=false, has-focusable=false, has-window-focus=true, is-clickable=false, is-enabled=true, is-focused=false, is-focusable=false, is-layout-requested=false, is-selected=false, layout-params=androidx.constraintlayout.widget.ConstraintLayout$LayoutParams@e500b99, tag=null, root-is-layout-requested=false, has-input-connection=false, x=0.0, y=0.0}
06-06 12:24:47.434 17900 17928 E TestRunner: |
06-06 12:24:47.434 17900 17928 E TestRunner: +--------->MaterialTextView{id=2131231194, res-name=tv_name, visibility=VISIBLE, width=129, height=74, has-focus=false, has-focusable=false, has-window-focus=true, is-clickable=false, is-enabled=true, is-focused=false, is-focusable=false, is-layout-requested=false, is-selected=false, layout-params=androidx.constraintlayout.widget.ConstraintLayout$LayoutParams@cf3be5e, tag=null, root-is-layout-requested=false, has-input-connection=false, x=22.0, y=556.0, text=Rollo, input-type=0, ime-target=false, has-links=false}
06-06 12:24:47.434 17900 17928 E TestRunner: |
06-06 12:24:47.434 17900 17928 E TestRunner: +--------->MaterialTextView{id=2131231192, res-name=tv_age, visibility=VISIBLE, width=133, height=59, has-focus=false, has-focusable=false, has-window-focus=true, is-clickable=false, is-enabled=true, is-focused=false, is-focusable=false, is-layout-requested=false, is-selected=false, layout-params=androidx.constraintlayout.widget.ConstraintLayout$LayoutParams@27ce23f, tag=null, root-is-layout-requested=false, has-input-connection=false, x=22.0, y=674.0, text=Age: 4, input-type=0, ime-target=false, has-links=false}
06-06 12:24:47.434 17900 17928 E TestRunner: |
06-06 12:24:47.434 17900 17928 E TestRunner: +--------->MaterialTextView{id=2131231193, res-name=tv_hobbies, visibility=VISIBLE, width=452, height=59, has-focus=false, has-focusable=false, has-window-focus=true, is-clickable=false, is-enabled=true, is-focused=false, is-focusable=false, is-layout-requested=false, is-selected=false, layout-params=androidx.constraintlayout.widget.ConstraintLayout$LayoutParams@7d5b70c, tag=null, root-is-layout-requested=false, has-input-connection=false, x=22.0, y=777.0, text=Hobbies: Reading, input-type=0, ime-target=false, has-links=false}
06-06 12:24:47.434 17900 17928 E TestRunner: |
06-06 12:24:47.434 17900 17928 E TestRunner: +---->ActionBarContainer{id=2131230774, res-name=action_bar_container, visibility=VISIBLE, width=1080, height=154, has-focus=false, has-focusable=false, has-window-focus=true, is-clickable=false, is-enabled=true, is-focused=false, is-focusable=false, is-layout-requested=false, is-selected=false, layout-params=androidx.appcompat.widget.ActionBarOverlayLayout$LayoutParams@467635b, tag=null, root-is-layout-requested=false, has-input-connection=false, x=0.0, y=0.0, child-count=2}
06-06 12:24:47.434 17900 17928 E TestRunner: |
06-06 12:24:47.434 17900 17928 E TestRunner: +----->Toolbar{id=2131230772, res-name=action_bar, visibility=VISIBLE, width=1080, height=154, has-focus=false, has-focusable=false, has-window-focus=true, is-clickable=false, is-enabled=true, is-focused=false, is-focusable=false, is-layout-requested=false, is-selected=false, layout-params=android.widget.FrameLayout$LayoutParams@9aeda37, tag=null, root-is-layout-requested=false, has-input-connection=false, x=0.0, y=0.0, child-count=3}
06-06 12:24:47.434 17900 17928 E TestRunner: |
06-06 12:24:47.434 17900 17928 E TestRunner: +------>AppCompatTextView{id=-1, visibility=VISIBLE, width=225, height=74, has-focus=false, has-focusable=false, has-window-focus=true, is-clickable=false, is-enabled=true, is-focused=false, is-focusable=false, is-layout-requested=false, is-selected=false, layout-params=androidx.appcompat.widget.Toolbar$LayoutParams@379dba4, tag=null, root-is-layout-requested=false, has-input-connection=false, x=198.0, y=40.0, text=Dogglers, input-type=0, ime-target=false, has-links=false}
06-06 12:24:47.434 17900 17928 E TestRunner: |
06-06 12:24:47.434 17900 17928 E TestRunner: +------>AppCompatImageButton{id=-1, desc=Navigate up, visibility=VISIBLE, width=154, height=154, has-focus=false, has-focusable=false, has-window-focus=true, is-clickable=true, is-enabled=true, is-focused=false, is-focusable=true, is-layout-requested=false, is-selected=false, layout-params=androidx.appcompat.widget.Toolbar$LayoutParams@a6ad0d, tag=null, root-is-layout-requested=false, has-input-connection=false, x=0.0, y=0.0}
06-06 12:24:47.434 17900 17928 E TestRunner: |
